Archive member included to satisfy reference by file (symbol)

c:/program files (x86)/atmel/studio/7.0/toolchain/arm/arm-gnu-toolchain/bin/../lib/gcc/arm-none-eabi/6.3.1/../../../../arm-none-eabi/lib/thumb/v7e-m\libc.a(lib_a-exit.o)
                              c:/program files (x86)/atmel/studio/7.0/toolchain/arm/arm-gnu-toolchain/bin/../lib/gcc/arm-none-eabi/6.3.1/../../../../arm-none-eabi/lib/thumb/v7e-m/crt0.o (exit)
c:/program files (x86)/atmel/studio/7.0/toolchain/arm/arm-gnu-toolchain/bin/../lib/gcc/arm-none-eabi/6.3.1/../../../../arm-none-eabi/lib/thumb/v7e-m\libc.a(lib_a-impure.o)
                              c:/program files (x86)/atmel/studio/7.0/toolchain/arm/arm-gnu-toolchain/bin/../lib/gcc/arm-none-eabi/6.3.1/../../../../arm-none-eabi/lib/thumb/v7e-m\libc.a(lib_a-exit.o) (_global_impure_ptr)
c:/program files (x86)/atmel/studio/7.0/toolchain/arm/arm-gnu-toolchain/bin/../lib/gcc/arm-none-eabi/6.3.1/../../../../arm-none-eabi/lib/thumb/v7e-m\libc.a(lib_a-init.o)
                              c:/program files (x86)/atmel/studio/7.0/toolchain/arm/arm-gnu-toolchain/bin/../lib/gcc/arm-none-eabi/6.3.1/../../../../arm-none-eabi/lib/thumb/v7e-m/crt0.o (__libc_init_array)
c:/program files (x86)/atmel/studio/7.0/toolchain/arm/arm-gnu-toolchain/bin/../lib/gcc/arm-none-eabi/6.3.1/../../../../arm-none-eabi/lib/thumb/v7e-m\libc.a(lib_a-memset.o)
                              c:/program files (x86)/atmel/studio/7.0/toolchain/arm/arm-gnu-toolchain/bin/../lib/gcc/arm-none-eabi/6.3.1/../../../../arm-none-eabi/lib/thumb/v7e-m/crt0.o (memset)
c:/program files (x86)/atmel/studio/7.0/toolchain/arm/arm-gnu-toolchain/bin/../lib/gcc/arm-none-eabi/6.3.1/../../../../arm-none-eabi/lib/thumb/v7e-m\libc.a(lib_a-sprintf.o)
                              src/wifi.o (sprintf)
c:/program files (x86)/atmel/studio/7.0/toolchain/arm/arm-gnu-toolchain/bin/../lib/gcc/arm-none-eabi/6.3.1/../../../../arm-none-eabi/lib/thumb/v7e-m\libc.a(lib_a-strstr.o)
                              src/wifi.o (strstr)
c:/program files (x86)/atmel/studio/7.0/toolchain/arm/arm-gnu-toolchain/bin/../lib/gcc/arm-none-eabi/6.3.1/../../../../arm-none-eabi/lib/thumb/v7e-m\libc.a(lib_a-svfprintf.o)
                              c:/program files (x86)/atmel/studio/7.0/toolchain/arm/arm-gnu-toolchain/bin/../lib/gcc/arm-none-eabi/6.3.1/../../../../arm-none-eabi/lib/thumb/v7e-m\libc.a(lib_a-sprintf.o) (_svfprintf_r)
c:/program files (x86)/atmel/studio/7.0/toolchain/arm/arm-gnu-toolchain/bin/../lib/gcc/arm-none-eabi/6.3.1/../../../../arm-none-eabi/lib/thumb/v7e-m\libc.a(lib_a-__call_atexit.o)
                              c:/program files (x86)/atmel/studio/7.0/toolchain/arm/arm-gnu-toolchain/bin/../lib/gcc/arm-none-eabi/6.3.1/../../../../arm-none-eabi/lib/thumb/v7e-m\libc.a(lib_a-exit.o) (__call_exitprocs)
c:/program files (x86)/atmel/studio/7.0/toolchain/arm/arm-gnu-toolchain/bin/../lib/gcc/arm-none-eabi/6.3.1/../../../../arm-none-eabi/lib/thumb/v7e-m\libc.a(lib_a-atexit.o)
                              c:/program files (x86)/atmel/studio/7.0/toolchain/arm/arm-gnu-toolchain/bin/../lib/gcc/arm-none-eabi/6.3.1/../../../../arm-none-eabi/lib/thumb/v7e-m\libc.a(lib_a-__call_atexit.o) (atexit)
c:/program files (x86)/atmel/studio/7.0/toolchain/arm/arm-gnu-toolchain/bin/../lib/gcc/arm-none-eabi/6.3.1/../../../../arm-none-eabi/lib/thumb/v7e-m\libc.a(lib_a-dtoa.o)
                              c:/program files (x86)/atmel/studio/7.0/toolchain/arm/arm-gnu-toolchain/bin/../lib/gcc/arm-none-eabi/6.3.1/../../../../arm-none-eabi/lib/thumb/v7e-m\libc.a(lib_a-svfprintf.o) (_dtoa_r)
c:/program files (x86)/atmel/studio/7.0/toolchain/arm/arm-gnu-toolchain/bin/../lib/gcc/arm-none-eabi/6.3.1/../../../../arm-none-eabi/lib/thumb/v7e-m\libc.a(lib_a-fini.o)
                              c:/program files (x86)/atmel/studio/7.0/toolchain/arm/arm-gnu-toolchain/bin/../lib/gcc/arm-none-eabi/6.3.1/../../../../arm-none-eabi/lib/thumb/v7e-m\libc.a(lib_a-__call_atexit.o) (__libc_fini_array)
c:/program files (x86)/atmel/studio/7.0/toolchain/arm/arm-gnu-toolchain/bin/../lib/gcc/arm-none-eabi/6.3.1/../../../../arm-none-eabi/lib/thumb/v7e-m\libc.a(lib_a-localeconv.o)
                              c:/program files (x86)/atmel/studio/7.0/toolchain/arm/arm-gnu-toolchain/bin/../lib/gcc/arm-none-eabi/6.3.1/../../../../arm-none-eabi/lib/thumb/v7e-m\libc.a(lib_a-svfprintf.o) (_localeconv_r)
c:/program files (x86)/atmel/studio/7.0/toolchain/arm/arm-gnu-toolchain/bin/../lib/gcc/arm-none-eabi/6.3.1/../../../../arm-none-eabi/lib/thumb/v7e-m\libc.a(lib_a-lock.o)
                              c:/program files (x86)/atmel/studio/7.0/toolchain/arm/arm-gnu-toolchain/bin/../lib/gcc/arm-none-eabi/6.3.1/../../../../arm-none-eabi/lib/thumb/v7e-m\libc.a(lib_a-__call_atexit.o) (__retarget_lock_acquire_recursive)
c:/program files (x86)/atmel/studio/7.0/toolchain/arm/arm-gnu-toolchain/bin/../lib/gcc/arm-none-eabi/6.3.1/../../../../arm-none-eabi/lib/thumb/v7e-m\libc.a(lib_a-mallocr.o)
[...]
Memory Configuration

Name             Origin             Length             Attributes
rom              0x00400000         0x00080000         xr
ram              0x20000000         0x00020000         xrw
*default*        0x00000000         0xffffffff

Linker script and memory map

LOAD c:/program files (x86)/atmel/studio/7.0/toolchain/arm/arm-gnu-toolchain/bin/../lib/gcc/arm-none-eabi/6.3.1/thumb/v7e-m/crti.o
LOAD c:/program files (x86)/atmel/studio/7.0/toolchain/arm/arm-gnu-toolchain/bin/../lib/gcc/arm-none-eabi/6.3.1/thumb/v7e-m/crtbegin.o
LOAD c:/program files (x86)/atmel/studio/7.0/toolchain/arm/arm-gnu-toolchain/bin/../lib/gcc/arm-none-eabi/6.3.1/../../../../arm-none-eabi/lib/thumb/v7e-m/crt0.o
LOAD src/ASF/common/services/spi/sam_spi/spi_master.o
LOAD src/ASF/common/services/spi/sam_usart_spi/usart_spi.o
LOAD src/ASF/sam/drivers/spi/spi.o
LOAD src/ASF/sam/drivers/tc/tc.o
LOAD src/ASF/sam/drivers/wdt/wdt.o
LOAD src/ASF/sam/drivers/usart/usart.o
LOAD src/ASF/common/services/serial/usart_serial.o
LOAD src/ASF/sam/drivers/twi/twi.o
LOAD src/ASF/sam/drivers/uart/uart.o
LOAD src/ASF/sam/drivers/pio/pio_handler.o
LOAD src/camera.o
LOAD src/ov2640.o
LOAD src/ov2640_table_registers.o
LOAD src/timer_interface.o
LOAD src/wifi.o
LOAD src/ASF/common/services/delay/sam/cycle_counter.o
LOAD src/ASF/common/services/clock/sam4s/sysclk.o
LOAD src/ASF/sam/drivers/pio/pio.o
LOAD src/ASF/sam/drivers/pmc/pmc.o
LOAD src/ASF/sam/drivers/pmc/sleep.o
LOAD src/ASF/common/boards/user_board/init.o
LOAD src/ASF/common/utils/interrupt/interrupt_sam_nvic.o
LOAD src/ASF/sam/utils/cmsis/sam4s/source/templates/gcc/startup_sam4s.o
LOAD src/ASF/sam/utils/cmsis/sam4s/source/templates/system_sam4s.o
LOAD src/ASF/sam/utils/syscalls/gcc/syscalls.o
LOAD src/main.o
START GROUP
LOAD ../src/ASF/thirdparty/CMSIS/Lib/GCC\libarm_cortexM4l_math.a
LOAD c:/program files (x86)/atmel/studio/7.0/toolchain/arm/arm-gnu-toolchain/bin/../lib/gcc/arm-none-eabi/6.3.1/../../../../arm-none-eabi/lib/thumb/v7e-m\libm.a
END GROUP
START GROUP
LOAD c:/program files (x86)/atmel/studio/7.0/toolchain/arm/arm-gnu-toolchain/bin/../lib/gcc/arm-none-eabi/6.3.1/thumb/v7e-m\libgcc.a
LOAD c:/program files (x86)/atmel/studio/7.0/toolchain/arm/arm-gnu-toolchain/bin/../lib/gcc/arm-none-eabi/6.3.1/../../../../arm-none-eabi/lib/thumb/v7e-m\libc.a
END GROUP
LOAD c:/program files (x86)/atmel/studio/7.0/toolchain/arm/arm-gnu-toolchain/bin/../lib/gcc/arm-none-eabi/6.3.1/thumb/v7e-m/crtend.o
LOAD c:/program files (x86)/atmel/studio/7.0/toolchain/arm/arm-gnu-toolchain/bin/../lib/gcc/arm-none-eabi/6.3.1/thumb/v7e-m/crtn.o
                0x00003000                __stack_size__ = DEFINED (__stack_size__)?__stack_size__:0x3000
                0x2001fffc                __ram_end__ = ((ORIGIN (ram) + LENGTH (ram)) - 0x4)

.text           0x00400000     0x7994
                0x00400000                . = ALIGN (0x4)
                0x00400000                _sfixed = .
 *(.vectors .vectors.*)
 .vectors       0x00400000       0xcc src/ASF/sam/utils/cmsis/sam4s/source/templates/gcc/startup_sam4s.o
                0x00400000                exception_table
 *(.text .text.* .gnu.linkonce.t.*)
 .text          0x004000cc       0x6c c:/program files (x86)/atmel/studio/7.0/toolchain/arm/arm-gnu-toolchain/bin/../lib/gcc/arm-none-eabi/6.3.1/thumb/v7e-m/crtbegin.o
 .text.spi_enable_clock
                0x00400138       0x10 src/ASF/sam/drivers/spi/spi.o
                0x00400138                spi_enable_clock
 .text.spi_set_peripheral_chip_select_value
                0x00400148       0x16 src/ASF/sam/drivers/spi/spi.o
                0x00400148                spi_set_peripheral_chip_select_value
 .text.spi_read
                0x0040015e       0x2e src/ASF/sam/drivers/spi/spi.o
                0x0040015e                spi_read
 .text.spi_write
                0x0040018c       0x34 src/ASF/sam/drivers/spi/spi.o
                0x0040018c                spi_write
 .text.spi_set_clock_polarity
                0x004001c0       0x1e src/ASF/sam/drivers/spi/spi.o
                0x004001c0                spi_set_clock_polarity
 .text.spi_set_clock_phase
                0x004001de       0x1e src/ASF/sam/drivers/spi/spi.o
                0x004001de                spi_set_clock_phase
 .text.spi_set_bits_per_transfer
                0x004001fc       0x14 src/ASF/sam/drivers/spi/spi.o
                0x004001fc                spi_set_bits_per_transfer
 .text.tc_init  0x00400210       0x18 src/ASF/sam/drivers/tc/tc.o
                0x00400210                tc_init
 .text.tc_start
                0x00400228        0x8 src/ASF/sam/drivers/tc/tc.o
                0x00400228                tc_start
 .text.tc_write_rc
                0x00400230        0x8 src/ASF/sam/drivers/tc/tc.o
                0x00400230                tc_write_rc
 .text.tc_enable_interrupt
                0x00400238        0x8 src/ASF/sam/drivers/tc/tc.o
                0x00400238                tc_enable_interrupt
 .text.tc_get_status
                0x00400240        0x8 src/ASF/sam/drivers/tc/tc.o
                0x00400240                tc_get_status
 .text.tc_find_mck_divisor
                0x00400248       0x70 src/ASF/sam/drivers/tc/tc.o
                0x00400248                tc_find_mck_divisor
 .text.wdt_disable
                0x004002b8        0x8 src/ASF/sam/drivers/wdt/wdt.o
                0x004002b8                wdt_disable
 .text.usart_set_async_baudrate
                0x004002c0       0x58 src/ASF/sam/drivers/usart/usart.o
                0x004002c0                usart_set_async_baudrate
 .text.usart_reset
                0x00400318       0x30 src/ASF/sam/drivers/usart/usart.o
                0x00400318                usart_reset
 .text.usart_init_rs232
                0x00400348       0x54 src/ASF/sam/drivers/usart/usart.o
                0x00400348                usart_init_rs232
 .text.usart_enable_tx
                0x0040039c        0x6 src/ASF/sam/drivers/usart/usart.o
                0x0040039c                usart_enable_tx
 .text.usart_enable_rx
                0x004003a2        0x6 src/ASF/sam/drivers/usart/usart.o
                0x004003a2                usart_enable_rx
 .text.usart_enable_interrupt
                0x004003a8        0x4 src/ASF/sam/drivers/usart/usart.o
                0x004003a8                usart_enable_interrupt
 .text.usart_disable_interrupt
                0x004003ac        0x4 src/ASF/sam/drivers/usart/usart.o
                0x004003ac                usart_disable_interrupt
 .text.usart_get_status
                0x004003b0        0x4 src/ASF/sam/drivers/usart/usart.o
                0x004003b0                usart_get_status
 .text.usart_putchar
                0x004003b4       0x12 src/ASF/sam/drivers/usart/usart.o
                0x004003b4                usart_putchar
 *fill*         0x004003c6        0x2 
 .text.usart_write_line
                0x004003c8       0x20 src/ASF/sam/drivers/usart/usart.o
                0x004003c8                usart_write_line
 .text.usart_read
                0x004003e8       0x18 src/ASF/sam/drivers/usart/usart.o
                0x004003e8                usart_read
 .text.twi_set_speed
                0x00400400       0xb8 src/ASF/sam/drivers/twi/twi.o
                0x00400400                twi_set_speed
 .text.twi_master_init
                0x004004b8       0x40 src/ASF/sam/drivers/twi/twi.o
                0x004004b8                twi_master_init
 .text.twi_mk_addr
                0x004004f8       0x22 src/ASF/sam/drivers/twi/twi.o
                0x004004f8                twi_mk_addr
 *fill*         0x0040051a        0x2 
 .text.twi_master_read
                0x0040051c       0xc0 src/ASF/sam/drivers/twi/twi.o
                0x0040051c                twi_master_read
 .text.twi_master_write
                0x004005dc       0x88 src/ASF/sam/drivers/twi/twi.o
                0x004005dc                twi_master_write
 .text.pio_handler_process
                0x00400664       0x68 src/ASF/sam/drivers/pio/pio_handler.o
                0x00400664                pio_handler_process
 .text.pio_handler_set
                0x004006cc       0x70 src/ASF/sam/drivers/pio/pio_handler.o
                0x004006cc                pio_handler_set
 .text.PIOA_Handler
                0x0040073c       0x14 src/ASF/sam/drivers/pio/pio_handler.o
                0x0040073c                PIOA_Handler
 .text.PIOB_Handler
                0x00400750       0x14 src/ASF/sam/drivers/pio/pio_handler.o
                0x00400750                PIOB_Handler
 .text.vsync_handler
                0x00400764        0xc src/camera.o
                0x00400764                vsync_handler
 .text.init_vsync_interrupts
                0x00400770       0x34 src/camera.o
                0x00400770                init_vsync_interrupts
 .text.configure_twi
                0x004007a4       0x58 src/camera.o
                0x004007a4                configure_twi
 .text.configure_camera
                0x004007fc       0x28 src/camera.o
                0x004007fc                configure_camera
 .text.pio_capture_init
                0x00400824       0x4c src/camera.o
                0x00400824                pio_capture_init
 .text.init_camera
                0x00400870       0x60 src/camera.o
                0x00400870                init_camera
 .text.pio_capture_to_buffer
                0x004008d0       0x34 src/camera.o
                0x004008d0                pio_capture_to_buffer
 .text.find_image_len
                0x00400904       0x8c src/camera.o
                0x00400904                find_image_len
 .text.start_capture
                0x00400990       0x80 src/camera.o
                0x00400990                start_capture
 .text.ov_read_reg
                0x00400a10        0xc src/ov2640.o
                0x00400a10                ov_read_reg
 .text.ov_write_reg
                0x00400a1c        0xc src/ov2640.o
                0x00400a1c                ov_write_reg
 .text.ov_write_regs
                0x00400a28       0x5c src/ov2640.o
                0x00400a28                ov_write_regs
 .text.ov_init  0x00400a84      0x13c src/ov2640.o
                0x00400a84                ov_init
 .text.ov_configure
                0x00400bc0       0xbc src/ov2640.o
                0x00400bc0                ov_configure
 .text.TC0_Handler
                0x00400c7c       0x28 src/timer_interface.o
                0x00400c7c                TC0_Handler
 .text.configure_tc
                0x00400ca4       0x7c src/timer_interface.o
                0x00400ca4                configure_tc
 .text.wifi_provision_handler
                0x00400d20        0xc src/wifi.o
                0x00400d20                wifi_provision_handler
 .text.process_incoming_byte_wifi
                0x00400d2c       0x18 src/wifi.o
                0x00400d2c                process_incoming_byte_wifi
 .text.USART0_Handler
                0x00400d44       0x44 src/wifi.o
                0x00400d44                USART0_Handler
 .text.process_data_wifi
                0x00400d88       0x24 src/wifi.o
                0x00400d88                process_data_wifi
 .text.wifi_command_response_handler
                0x00400dac       0x34 src/wifi.o
                0x00400dac                wifi_command_response_handler
 .text.configure_usart
                0x00400de0       0x78 src/wifi.o
                0x00400de0                configure_usart
 .text.configure_wifi_comm_pin
                0x00400e58       0x4c src/wifi.o
                0x00400e58                configure_wifi_comm_pin
 .text.write_wifi_command
                0x00400ea4       0x68 src/wifi.o
                0x00400ea4                write_wifi_command
 .text.configure_wifi_provision_pin
                0x00400f0c       0x4c src/wifi.o
                0x00400f0c                configure_wifi_provision_pin
 .text.SPI_Handler
                0x00400f58       0x6c src/wifi.o
                0x00400f58                SPI_Handler
 .text.spi_peripheral_initialize
                0x00400fc4       0x68 src/wifi.o
                0x00400fc4                spi_peripheral_initialize
 .text.prepare_spi_transfer
                0x0040102c       0x3c src/wifi.o
                0x0040102c                prepare_spi_transfer
 .text.configure_spi
                0x00401068       0x38 src/wifi.o
                0x00401068                configure_spi
 .text.write_image_to_web
                0x004010a0       0x40 src/wifi.o
                0x004010a0                write_image_to_web
 .text.sysclk_init
                0x004010e0       0x64 src/ASF/common/services/clock/sam4s/sysclk.o
                0x004010e0                sysclk_init
 .text.pio_set_peripheral
                0x00401144       0x90 src/ASF/sam/drivers/pio/pio.o
                0x00401144                pio_set_peripheral
 .text.pio_set_input
                0x004011d4       0x32 src/ASF/sam/drivers/pio/pio.o
                0x004011d4                pio_set_input
 .text.pio_set_output
                0x00401206       0x26 src/ASF/sam/drivers/pio/pio.o
                0x00401206                pio_set_output
 .text.pio_configure_interrupt
                0x0040122c       0x2e src/ASF/sam/drivers/pio/pio.o
                0x0040122c                pio_configure_interrupt
 .text.pio_enable_interrupt
                0x0040125a        0x4 src/ASF/sam/drivers/pio/pio.o
                0x0040125a                pio_enable_interrupt
 .text.pio_disable_interrupt
                0x0040125e        0x4 src/ASF/sam/drivers/pio/pio.o
                0x0040125e                pio_disable_interrupt
 .text.pio_get_interrupt_status
                0x00401262        0x4 src/ASF/sam/drivers/pio/pio.o
                0x00401262                pio_get_interrupt_status
 .text.pio_get_interrupt_mask
                0x00401266        0x4 src/ASF/sam/drivers/pio/pio.o
                0x00401266                pio_get_interrupt_mask
 *fill*         0x0040126a        0x2 
 .text.pio_configure_pin
                0x0040126c      0x120 src/ASF/sam/drivers/pio/pio.o
                0x0040126c                pio_configure_pin
 .text.pio_capture_enable
                0x0040138c       0x18 src/ASF/sam/drivers/pio/pio.o
                0x0040138c                pio_capture_enable
 .text.pio_capture_disable
                0x004013a4       0x18 src/ASF/sam/drivers/pio/pio.o
                0x004013a4                pio_capture_disable
 .text.pmc_switch_mck_to_pllack
                0x004013bc       0x64 src/ASF/sam/drivers/pmc/pmc.o
                0x004013bc                pmc_switch_mck_to_pllack
 .text.pmc_switch_mainck_to_xtal
                0x00401420       0x54 src/ASF/sam/drivers/pmc/pmc.o
                0x00401420                pmc_switch_mainck_to_xtal
 .text.pmc_osc_is_ready_mainck
                0x00401474       0x10 src/ASF/sam/drivers/pmc/pmc.o
                0x00401474                pmc_osc_is_ready_mainck
 .text.pmc_disable_pllack
                0x00401484       0x10 src/ASF/sam/drivers/pmc/pmc.o
                0x00401484                pmc_disable_pllack
 .text.pmc_is_locked_pllack
                0x00401494       0x10 src/ASF/sam/drivers/pmc/pmc.o
                0x00401494                pmc_is_locked_pllack
 .text.pmc_enable_pllbck
                0x004014a4       0x34 src/ASF/sam/drivers/pmc/pmc.o
                0x004014a4                pmc_enable_pllbck
 .text.pmc_enable_periph_clk
                0x004014d8       0x54 src/ASF/sam/drivers/pmc/pmc.o
                0x004014d8                pmc_enable_periph_clk
 .text.board_init
                0x0040152c      0x11c src/ASF/common/boards/user_board/init.o
                0x0040152c                board_init
 .text.Dummy_Handler
                0x00401648        0x2 src/ASF/sam/utils/cmsis/sam4s/source/templates/gcc/startup_sam4s.o
                0x00401648                DACC_Handler
                0x00401648                DebugMon_Handler
                0x00401648                HardFault_Handler
                0x00401648                TC2_Handler
                0x00401648                SysTick_Handler
                0x00401648                TWI1_Handler
                0x00401648                PendSV_Handler
                0x00401648                NMI_Handler
                0x00401648                ADC_Handler
                0x00401648                CRCCU_Handler
                0x00401648                RTT_Handler
                0x00401648                RTC_Handler
                0x00401648                UsageFault_Handler
                0x00401648                WDT_Handler
                0x00401648                TC1_Handler
                0x00401648                HSMCI_Handler
                0x00401648                UART1_Handler
                0x00401648                Dummy_Handler
                0x00401648                TWI0_Handler
                0x00401648                USART1_Handler
                0x00401648                SSC_Handler
                0x00401648                EFC0_Handler
                0x00401648                ACC_Handler
                0x00401648                PMC_Handler
                0x00401648                PWM_Handler
                0x00401648                MemManage_Handler
                0x00401648                SUPC_Handler
                0x00401648                SVC_Handler
                0x00401648                UART0_Handler
                0x00401648                UDP_Handler
                0x00401648                BusFault_Handler
                0x00401648                RSTC_Handler
 *fill*         0x0040164a        0x2 
 .text.Reset_Handler
                0x0040164c       0xac src/ASF/sam/utils/cmsis/sam4s/source/templates/gcc/startup_sam4s.o
                0x0040164c                Reset_Handler
 .text.SystemCoreClockUpdate
                0x004016f8      0x110 src/ASF/sam/utils/cmsis/sam4s/source/templates/system_sam4s.o
                0x004016f8                SystemCoreClockUpdate
 .text.system_init_flash
                0x00401808       0x74 src/ASF/sam/utils/cmsis/sam4s/source/templates/system_sam4s.o
                0x00401808                system_init_flash
 .text._sbrk    0x0040187c       0x38 src/ASF/sam/utils/syscalls/gcc/syscalls.o
                0x0040187c                _sbrk
 .text.main     0x004018b4      0x20c src/main.o
                0x004018b4                main
 .text.__libc_init_array
                0x00401ac0       0x50 c:/program files (x86)/atmel/studio/7.0/toolchain/arm/arm-gnu-toolchain/bin/../lib/gcc/arm-none-eabi/6.3.1/../../../../arm-none-eabi/lib/thumb/v7e-m\libc.a(lib_a-init.o)
                0x00401ac0                __libc_init_array
 .text.memset   0x00401b10       0x9c c:/program files (x86)/atmel/studio/7.0/toolchain/arm/arm-gnu-toolchain/bin/../lib/gcc/arm-none-eabi/6.3.1/../../../../arm-none-eabi/lib/thumb/v7e-m\libc.a(lib_a-memset.o)
                0x00401b10                memset
 .text.sprintf  0x00401bac       0x4c c:/program files (x86)/atmel/studio/7.0/toolchain/arm/arm-gnu-toolchain/bin/../lib/gcc/arm-none-eabi/6.3.1/../../../../arm-none-eabi/lib/thumb/v7e-m\libc.a(lib_a-sprintf.o)
                0x00401bac                sprintf
 .text.critical_factorization
                0x00401bf8       0xb4 c:/program files (x86)/atmel/studio/7.0/toolchain/arm/arm-gnu-toolchain/bin/../lib/gcc/arm-none-eabi/6.3.1/../../../../arm-none-eabi/lib/thumb/v7e-m\libc.a(lib_a-strstr.o)
 .text.two_way_long_needle
                0x00401cac      0x1fc c:/program files (x86)/atmel/studio/7.0/toolchain/arm/arm-gnu-toolchain/bin/../lib/gcc/arm-none-eabi/6.3.1/../../../../arm-none-eabi/lib/thumb/v7e-m\libc.a(lib_a-strstr.o)
 .text.strstr   0x00401ea8      0x218 c:/program files (x86)/atmel/studio/7.0/toolchain/arm/arm-gnu-toolchain/bin/../lib/gcc/arm-none-eabi/6.3.1/../../../../arm-none-eabi/lib/thumb/v7e-m\libc.a(lib_a-strstr.o)
                0x00401ea8                strstr
 .text._svfprintf_r
                0x004020c0     0x145c c:/program files (x86)/atmel/studio/7.0/toolchain/arm/arm-gnu-toolchain/bin/../lib/gcc/arm-none-eabi/6.3.1/../../../../arm-none-eabi/lib/thumb/v7e-m\libc.a(lib_a-svfprintf.o)
                0x004020c0                _svfprintf_r
 .text.startup.register_fini
                0x0040351c       0x14 c:/program files (x86)/atmel/studio/7.0/toolchain/arm/arm-gnu-toolchain/bin/../lib/gcc/arm-none-eabi/6.3.1/../../../../arm-none-eabi/lib/thumb/v7e-m\libc.a(lib_a-__call_atexit.o)
 .text.atexit   0x00403530        0xc c:/program files (x86)/atmel/studio/7.0/toolchain/arm/arm-gnu-toolchain/bin/../lib/gcc/arm-none-eabi/6.3.1/../../../../arm-none-eabi/lib/thumb/v7e-m\libc.a(lib_a-atexit.o)
                0x00403530                atexit
 .text.quorem   0x0040353c      0x128 c:/program files (x86)/atmel/studio/7.0/toolchain/arm/arm-gnu-toolchain/bin/../lib/gcc/arm-none-eabi/6.3.1/../../../../arm-none-eabi/lib/thumb/v7e-m\libc.a(lib_a-dtoa.o)
 *fill*         0x00403664        0x4 
 .text._dtoa_r  0x00403668      0xe54 c:/program files (x86)/atmel/studio/7.0/toolchain/arm/arm-gnu-toolchain/bin/../lib/gcc/arm-none-eabi/6.3.1/../../../../arm-none-eabi/lib/thumb/v7e-m\libc.a(lib_a-dtoa.o)
                0x00403668                _dtoa_r
 .text.__libc_fini_array
                0x004044bc       0x34 c:/program files (x86)/atmel/studio/7.0/toolchain/arm/arm-gnu-toolchain/bin/../lib/gcc/arm-none-eabi/6.3.1/../../../../arm-none-eabi/lib/thumb/v7e-m\libc.a(lib_a-fini.o)
                0x004044bc                __libc_fini_array
 .text._localeconv_r
                0x004044f0       0x1c c:/program files (x86)/atmel/studio/7.0/toolchain/arm/arm-gnu-toolchain/bin/../lib/gcc/arm-none-eabi/6.3.1/../../../../arm-none-eabi/lib/thumb/v7e-m\libc.a(lib_a-localeconv.o)
                0x004044f0                _localeconv_r
 .text.__retarget_lock_acquire_recursive
                0x0040450c        0x4 c:/program files (x86)/atmel/studio/7.0/toolchain/arm/arm-gnu-toolchain/bin/../lib/gcc/arm-none-eabi/6.3.1/../../../../arm-none-eabi/lib/thumb/v7e-m\libc.a(lib_a-lock.o)
                0x0040450c                __retarget_lock_acquire_recursive
 .text.__retarget_lock_release_recursive
                0x00404510        0x4 c:/program files (x86)/atmel/studio/7.0/toolchain/arm/arm-gnu-toolchain/bin/../lib/gcc/arm-none-eabi/6.3.1/../../../../arm-none-eabi/lib/thumb/v7e-m\libc.a(lib_a-lock.o)
                0x00404510                __retarget_lock_release_recursive
 .text._malloc_r
                0x00404514      0x560 c:/program files (x86)/atmel/studio/7.0/toolchain/arm/arm-gnu-toolchain/bin/../lib/gcc/arm-none-eabi/6.3.1/../../../../arm-none-eabi/lib/thumb/v7e-m\libc.a(lib_a-mallocr.o)
                0x00404514                _malloc_r
 *fill*         0x00404a74        0xc 
 .text          0x00404a80       0xa0 c:/program files (x86)/atmel/studio/7.0/toolchain/arm/arm-gnu-toolchain/bin/../lib/gcc/arm-none-eabi/6.3.1/../../../../arm-none-eabi/lib/thumb/v7e-m\libc.a(lib_a-memchr.o)
                0x00404a80                memchr
 .text.memcmp   0x00404b20       0x60 c:/program files (x86)/atmel/studio/7.0/toolchain/arm/arm-gnu-toolchain/bin/../lib/gcc/arm-none-eabi/6.3.1/../../../../arm-none-eabi/lib/thumb/v7e-m\libc.a(lib_a-memcmp.o)
                0x00404b20                memcmp
 .text          0x00404b80      0x134 c:/program files (x86)/atmel/studio/7.0/toolchain/arm/arm-gnu-toolchain/bin/../lib/gcc/arm-none-eabi/6.3.1/../../../../arm-none-eabi/lib/thumb/v7e-m\libc.a(lib_a-memcpy.o)
                0x00404b80                memcpy
 .text.__malloc_lock
                0x00404cb4        0xc c:/program files (x86)/atmel/studio/7.0/toolchain/arm/arm-gnu-toolchain/bin/../lib/gcc/arm-none-eabi/6.3.1/../../../../arm-none-eabi/lib/thumb/v7e-m\libc.a(lib_a-mlock.o)
                0x00404cb4                __malloc_lock
 .text.__malloc_unlock
                0x00404cc0        0xc c:/program files (x86)/atmel/studio/7.0/toolchain/arm/arm-gnu-toolchain/bin/../lib/gcc/arm-none-eabi/6.3.1/../../../../arm-none-eabi/lib/thumb/v7e-m\libc.a(lib_a-mlock.o)
                0x00404cc0                __malloc_unlock
 .text._Balloc  0x00404ccc       0x4c c:/program files (x86)/atmel/studio/7.0/toolchain/arm/arm-gnu-toolchain/bin/../lib/gcc/arm-none-eabi/6.3.1/../../../../arm-none-eabi/lib/thumb/v7e-m\libc.a(lib_a-mprec.o)
                0x00404ccc                _Balloc
 .text._Bfree   0x00404d18       0x14 c:/program files (x86)/atmel/studio/7.0/toolchain/arm/arm-gnu-toolchain/bin/../lib/gcc/arm-none-eabi/6.3.1/../../../../arm-none-eabi/lib/thumb/v7e-m\libc.a(lib_a-mprec.o)
                0x00404d18                _Bfree
 .text.__multadd
                0x00404d2c       0x80 c:/program files (x86)/atmel/studio/7.0/toolchain/arm/arm-gnu-toolchain/bin/../lib/gcc/arm-none-eabi/6.3.1/../../../../arm-none-eabi/lib/thumb/v7e-m\libc.a(lib_a-mprec.o)
                0x00404d2c                __multadd
 .text.__hi0bits
                0x00404dac       0x40 c:/program files (x86)/atmel/studio/7.0/toolchain/arm/arm-gnu-toolchain/bin/../lib/gcc/arm-none-eabi/6.3.1/../../../../arm-none-eabi/lib/thumb/v7e-m\libc.a(lib_a-mprec.o)
                0x00404dac                __hi0bits
 .text.__lo0bits
                0x00404dec       0x60 c:/program files (x86)/atmel/studio/7.0/toolchain/arm/arm-gnu-toolchain/bin/../lib/gcc/arm-none-eabi/6.3.1/../../../../arm-none-eabi/lib/thumb/v7e-m\libc.a(lib_a-mprec.o)
                0x00404dec                __lo0bits
 .text.__i2b    0x00404e4c       0x14 c:/program files (x86)/atmel/studio/7.0/toolchain/arm/arm-gnu-toolchain/bin/../lib/gcc/arm-none-eabi/6.3.1/../../../../arm-none-eabi/lib/thumb/v7e-m\libc.a(lib_a-mprec.o)
                0x00404e4c                __i2b
 .text.__multiply
                0x00404e60      0x124 c:/program files (x86)/atmel/studio/7.0/toolchain/arm/arm-gnu-toolchain/bin/../lib/gcc/arm-none-eabi/6.3.1/../../../../arm-none-eabi/lib/thumb/v7e-m\libc.a(lib_a-mprec.o)
                0x00404e60                __multiply
 .text.__pow5mult
                0x00404f84       0xa0 c:/program files (x86)/atmel/studio/7.0/toolchain/arm/arm-gnu-toolchain/bin/../lib/gcc/arm-none-eabi/6.3.1/../../../../arm-none-eabi/lib/thumb/v7e-m\libc.a(lib_a-mprec.o)
                0x00404f84                __pow5mult
 .text.__lshift
                0x00405024       0xa4 c:/program files (x86)/atmel/studio/7.0/toolchain/arm/arm-gnu-toolchain/bin/../lib/gcc/arm-none-eabi/6.3.1/../../../../arm-none-eabi/lib/thumb/v7e-m\libc.a(lib_a-mprec.o)
                0x00405024                __lshift
 .text.__mcmp   0x004050c8       0x38 c:/program files (x86)/atmel/studio/7.0/toolchain/arm/arm-gnu-toolchain/bin/../lib/gcc/arm-none-eabi/6.3.1/../../../../arm-none-eabi/lib/thumb/v7e-m\libc.a(lib_a-mprec.o)
                0x004050c8                __mcmp
 .text.__mdiff  0x00405100      0x108 c:/program files (x86)/atmel/studio/7.0/toolchain/arm/arm-gnu-toolchain/bin/../lib/gcc/arm-none-eabi/6.3.1/../../../../arm-none-eabi/lib/thumb/v7e-m\libc.a(lib_a-mprec.o)
                0x00405100                __mdiff
 .text.__d2b    0x00405208       0xb8 c:/program files (x86)/atmel/studio/7.0/toolchain/arm/arm-gnu-toolchain/bin/../lib/gcc/arm-none-eabi/6.3.1/../../../../arm-none-eabi/lib/thumb/v7e-m\libc.a(lib_a-mprec.o)
                0x00405208                __d2b
 .text._sbrk_r  0x004052c0       0x24 c:/program files (x86)/atmel/studio/7.0/toolchain/arm/arm-gnu-toolchain/bin/../lib/gcc/arm-none-eabi/6.3.1/../../../../arm-none-eabi/lib/thumb/v7e-m\libc.a(lib_a-sbrkr.o)
                0x004052c0                _sbrk_r
 .text.strchr   0x004052e4       0xe8 c:/program files (x86)/atmel/studio/7.0/toolchain/arm/arm-gnu-toolchain/bin/../lib/gcc/arm-none-eabi/6.3.1/../../../../arm-none-eabi/lib/thumb/v7e-m\libc.a(lib_a-strchr.o)
                0x004052e4                strchr
 *fill*         0x004053cc       0x34 
 .text          0x00405400       0xdc c:/program files (x86)/atmel/studio/7.0/toolchain/arm/arm-gnu-toolchain/bin/../lib/gcc/arm-none-eabi/6.3.1/../../../../arm-none-eabi/lib/thumb/v7e-m\libc.a(lib_a-strlen.o)
                0x00405400                strlen
 .text.__ssprint_r
                0x004054dc       0xfc c:/program files (x86)/atmel/studio/7.0/toolchain/arm/arm-gnu-toolchain/bin/../lib/gcc/arm-none-eabi/6.3.1/../../../../arm-none-eabi/lib/thumb/v7e-m\libc.a(lib_a-svfiprintf.o)
                0x004054dc                __ssprint_r
 .text.__register_exitproc
                0x004055d8       0xc4 c:/program files (x86)/atmel/studio/7.0/toolchain/arm/arm-gnu-toolchain/bin/../lib/gcc/arm-none-eabi/6.3.1/../../../../arm-none-eabi/lib/thumb/v7e-m\libc.a(lib_a-__atexit.o)
                0x004055d8                __register_exitproc
 .text._calloc_r
                0x0040569c       0x60 c:/program files (x86)/atmel/studio/7.0/toolchain/arm/arm-gnu-toolchain/bin/../lib/gcc/arm-none-eabi/6.3.1/../../../../arm-none-eabi/lib/thumb/v7e-m\libc.a(lib_a-callocr.o)
                0x0040569c                _calloc_r
 .text._malloc_trim_r
                0x004056fc       0xa0 c:/program files (x86)/atmel/studio/7.0/toolchain/arm/arm-gnu-toolchain/bin/../lib/gcc/arm-none-eabi/6.3.1/../../../../arm-none-eabi/lib/thumb/v7e-m\libc.a(lib_a-freer.o)
                0x004056fc                _malloc_trim_r
 .text._free_r  0x0040579c      0x1cc c:/program files (x86)/atmel/studio/7.0/toolchain/arm/arm-gnu-toolchain/bin/../lib/gcc/arm-none-eabi/6.3.1/../../../../arm-none-eabi/lib/thumb/v7e-m\libc.a(lib_a-freer.o)
                0x0040579c                _free_r
 .text.__ascii_mbtowc
                0x00405968       0x2c c:/program files (x86)/atmel/studio/7.0/toolchain/arm/arm-gnu-toolchain/bin/../lib/gcc/arm-none-eabi/6.3.1/../../../../arm-none-eabi/lib/thumb/v7e-m\libc.a(lib_a-mbtowc_r.o)
                0x00405968                __ascii_mbtowc
 .text.memmove  0x00405994       0xc8 c:/program files (x86)/atmel/studio/7.0/toolchain/arm/arm-gnu-toolchain/bin/../lib/gcc/arm-none-eabi/6.3.1/../../../../arm-none-eabi/lib/thumb/v7e-m\libc.a(lib_a-memmove.o)
                0x00405994                memmove
 .text._realloc_r
                0x00405a5c      0x34c c:/program files (x86)/atmel/studio/7.0/toolchain/arm/arm-gnu-toolchain/bin/../lib/gcc/arm-none-eabi/6.3.1/../../../../arm-none-eabi/lib/thumb/v7e-m\libc.a(lib_a-reallocr.o)
                0x00405a5c                _realloc_r
 .text.__ascii_wctomb
                0x00405da8       0x1c c:/program files (x86)/atmel/studio/7.0/toolchain/arm/arm-gnu-toolchain/bin/../lib/gcc/arm-none-eabi/6.3.1/../../../../arm-none-eabi/lib/thumb/v7e-m\libc.a(lib_a-wctomb_r.o)
                0x00405da8                __ascii_wctomb
 .text          0x00405dc4      0x370 c:/program files (x86)/atmel/studio/7.0/toolchain/arm/arm-gnu-toolchain/bin/../lib/gcc/arm-none-eabi/6.3.1/thumb/v7e-m\libgcc.a(_arm_addsubdf3.o)
                0x00405dc4                __aeabi_drsub
                0x00405dcc                __aeabi_dsub
                0x00405dcc                __subdf3
                0x00405dd0                __aeabi_dadd
                0x00405dd0                __adddf3
                0x00406048                __floatunsidf
                0x00406048                __aeabi_ui2d
                0x00406068                __floatsidf
                0x00406068                __aeabi_i2d
                0x0040608c                __aeabi_f2d
                0x0040608c                __extendsfdf2
                0x004060c8                __floatundidf
                0x004060c8                __aeabi_ul2d
                0x004060d8                __floatdidf
                0x004060d8                __aeabi_l2d
 .text          0x00406134      0x424 c:/program files (x86)/atmel/studio/7.0/toolchain/arm/arm-gnu-toolchain/bin/../lib/gcc/arm-none-eabi/6.3.1/thumb/v7e-m\libgcc.a(_arm_muldivdf3.o)
                0x00406134                __aeabi_dmul
                0x00406134                __muldf3
                0x00406388                __divdf3
                0x00406388                __aeabi_ddiv
 .text          0x00406558      0x110 c:/program files (x86)/atmel/studio/7.0/toolchain/arm/arm-gnu-toolchain/bin/../lib/gcc/arm-none-eabi/6.3.1/thumb/v7e-m\libgcc.a(_arm_cmpdf2.o)
                0x00406558                __gtdf2
                0x00406558                __gedf2
                0x00406560                __ltdf2
                0x00406560                __ledf2
                0x00406568                __nedf2
                0x00406568                __eqdf2
                0x00406568                __cmpdf2
                0x004065e4                __aeabi_cdrcmple
                0x004065f4                __aeabi_cdcmpeq
                0x004065f4                __aeabi_cdcmple
                0x00406604                __aeabi_dcmpeq
                0x00406618                __aeabi_dcmplt
                0x0040662c                __aeabi_dcmple
                0x00406640                __aeabi_dcmpge
                0x00406654                __aeabi_dcmpgt
 .text          0x00406668       0x2c c:/program files (x86)/atmel/studio/7.0/toolchain/arm/arm-gnu-toolchain/bin/../lib/gcc/arm-none-eabi/6.3.1/thumb/v7e-m\libgcc.a(_arm_unorddf2.o)
                0x00406668                __unorddf2
                0x00406668                __aeabi_dcmpun
 .text          0x00406694       0x50 c:/program files (x86)/atmel/studio/7.0/toolchain/arm/arm-gnu-toolchain/bin/../lib/gcc/arm-none-eabi/6.3.1/thumb/v7e-m\libgcc.a(_arm_fixdfsi.o)
                0x00406694                __aeabi_d2iz
                0x00406694                __fixdfsi
 .text          0x004066e4       0x30 c:/program files (x86)/atmel/studio/7.0/toolchain/arm/arm-gnu-toolchain/bin/../lib/gcc/arm-none-eabi/6.3.1/thumb/v7e-m\libgcc.a(_aeabi_uldivmod.o)
                0x004066e4                __aeabi_uldivmod
 .text          0x00406714      0x2dc c:/program files (x86)/atmel/studio/7.0/toolchain/arm/arm-gnu-toolchain/bin/../lib/gcc/arm-none-eabi/6.3.1/thumb/v7e-m\libgcc.a(_udivmoddi4.o)
                0x00406714                __udivmoddi4
 .text          0x004069f0        0x4 c:/program files (x86)/atmel/studio/7.0/toolchain/arm/arm-gnu-toolchain/bin/../lib/gcc/arm-none-eabi/6.3.1/thumb/v7e-m\libgcc.a(_dvmd_tls.o)
                0x004069f0                __aeabi_idiv0
                0x004069f0                __aeabi_ldiv0
 *(.glue_7t)
 .glue_7t       0x004069f4        0x0 linker stubs
 *(.glue_7)
 .glue_7        0x004069f4        0x0 linker stubs
 *(.rodata .rodata* .gnu.linkonce.r.*)
 .rodata.OV2640_JPEG
                0x004069f4       0x12 src/ov2640_table_registers.o
                0x004069f4                OV2640_JPEG
 *fill*         0x00406a06        0x2 
 .rodata.OV2640_JPEG_1024x768
                0x00406a08       0x4e src/ov2640_table_registers.o
                0x00406a08                OV2640_JPEG_1024x768
 *fill*         0x00406a56        0x2 
 .rodata.OV2640_JPEG_1280x1024
                0x00406a58       0x52 src/ov2640_table_registers.o
                0x00406a58                OV2640_JPEG_1280x1024
 *fill*         0x00406aaa        0x2 
 .rodata.OV2640_JPEG_1600x1200
                0x00406aac       0x52 src/ov2640_table_registers.o
                0x00406aac                OV2640_JPEG_1600x1200
 *fill*         0x00406afe        0x2 
 .rodata.OV2640_JPEG_320x240
                0x00406b00       0x50 src/ov2640_table_registers.o
                0x00406b00                OV2640_JPEG_320x240
 .rodata.OV2640_JPEG_640x480
                0x00406b50       0x52 src/ov2640_table_registers.o
                0x00406b50                OV2640_JPEG_640x480
 *fill*         0x00406ba2        0x2 
 .rodata.OV2640_JPEG_800x600
                0x00406ba4       0x52 src/ov2640_table_registers.o
                0x00406ba4                OV2640_JPEG_800x600
 *fill*         0x00406bf6        0x2 
 .rodata.OV2640_JPEG_INIT
                0x00406bf8      0x17e src/ov2640_table_registers.o
                0x00406bf8                OV2640_JPEG_INIT
 *fill*         0x00406d76        0x2 
 .rodata.OV2640_QQVGA_RGB888
                0x00406d78       0xf4 src/ov2640_table_registers.o
                0x00406d78                OV2640_QQVGA_RGB888
 .rodata.OV2640_QQVGA_YUV422
                0x00406e6c       0xf4 src/ov2640_table_registers.o
                0x00406e6c                OV2640_QQVGA_YUV422
 .rodata.OV2640_QVGA_RGB888
                0x00406f60       0xf4 src/ov2640_table_registers.o
                0x00406f60                OV2640_QVGA_RGB888
 .rodata.OV2640_QVGA_YUV422_10FPS
                0x00407054       0xf0 src/ov2640_table_registers.o
                0x00407054                OV2640_QVGA_YUV422_10FPS
 .rodata.OV2640_QVGA_YUV422_15FPS
                0x00407144       0xf0 src/ov2640_table_registers.o
                0x00407144                OV2640_QVGA_YUV422_15FPS
 .rodata.OV2640_QVGA_YUV422_20FPS
                0x00407234       0xf0 src/ov2640_table_registers.o
                0x00407234                OV2640_QVGA_YUV422_20FPS
 .rodata.OV2640_QVGA_YUV422_30FPS
                0x00407324       0xf0 src/ov2640_table_registers.o
                0x00407324                OV2640_QVGA_YUV422_30FPS
 .rodata.OV2640_TEST_PATTERN
                0x00407414       0xf4 src/ov2640_table_registers.o
                0x00407414                OV2640_TEST_PATTERN
 .rodata.OV2640_VGA_YUV422_20FPS
                0x00407508       0xf0 src/ov2640_table_registers.o
                0x00407508                OV2640_VGA_YUV422_20FPS
 .rodata.OV2640_YUV422
                0x004075f8       0x14 src/ov2640_table_registers.o
                0x004075f8                OV2640_YUV422
 .rodata        0x0040760c       0x18 src/wifi.o
 .rodata.process_data_wifi.str1.4
                0x00407624        0x8 src/wifi.o
 .rodata.write_image_to_web.str1.4
                0x0040762c       0x12 src/wifi.o
 *fill*         0x0040763e        0x2 
 .rodata.write_wifi_command.str1.4
                0x00407640        0x5 src/wifi.o
 *fill*         0x00407645        0x3 
 .rodata.main.str1.4
                0x00407648       0x9d src/main.o
 *fill*         0x004076e5        0x3 
 .rodata._global_impure_ptr
                0x004076e8        0x4 c:/program files (x86)/atmel/studio/7.0/toolchain/arm/arm-gnu-toolchain/bin/../lib/gcc/arm-none-eabi/6.3.1/../../../../arm-none-eabi/lib/thumb/v7e-m\libc.a(lib_a-impure.o)
                0x004076e8                _global_impure_ptr
 .rodata._svfprintf_r.str1.4
                0x004076ec       0x42 c:/program files (x86)/atmel/studio/7.0/toolchain/arm/arm-gnu-toolchain/bin/../lib/gcc/arm-none-eabi/6.3.1/../../../../arm-none-eabi/lib/thumb/v7e-m\libc.a(lib_a-svfprintf.o)
 *fill*         0x0040772e        0x2 
 .rodata.blanks.7223
                0x00407730       0x10 c:/program files (x86)/atmel/studio/7.0/toolchain/arm/arm-gnu-toolchain/bin/../lib/gcc/arm-none-eabi/6.3.1/../../../../arm-none-eabi/lib/thumb/v7e-m\libc.a(lib_a-svfprintf.o)
 .rodata.zeroes.7224
                0x00407740       0x10 c:/program files (x86)/atmel/studio/7.0/toolchain/arm/arm-gnu-toolchain/bin/../lib/gcc/arm-none-eabi/6.3.1/../../../../arm-none-eabi/lib/thumb/v7e-m\libc.a(lib_a-svfprintf.o)
 .rodata._dtoa_r.str1.4
                0x00407750       0x10 c:/program files (x86)/atmel/studio/7.0/toolchain/arm/arm-gnu-toolchain/bin/../lib/gcc/arm-none-eabi/6.3.1/../../../../arm-none-eabi/lib/thumb/v7e-m\libc.a(lib_a-dtoa.o)
                                 0x12 (size before relaxing)
 .rodata.__mprec_bigtens
                0x00407760       0x28 c:/program files (x86)/atmel/studio/7.0/toolchain/arm/arm-gnu-toolchain/bin/../lib/gcc/arm-none-eabi/6.3.1/../../../../arm-none-eabi/lib/thumb/v7e-m\libc.a(lib_a-mprec.o)
                0x00407760                __mprec_bigtens
 .rodata.__mprec_tens
                0x00407788       0xc8 c:/program files (x86)/atmel/studio/7.0/toolchain/arm/arm-gnu-toolchain/bin/../lib/gcc/arm-none-eabi/6.3.1/../../../../arm-none-eabi/lib/thumb/v7e-m\libc.a(lib_a-mprec.o)
                0x00407788                __mprec_tens
 .rodata.p05.6055
                0x00407850        0xc c:/program files (x86)/atmel/studio/7.0/toolchain/arm/arm-gnu-toolchain/bin/../lib/gcc/arm-none-eabi/6.3.1/../../../../arm-none-eabi/lib/thumb/v7e-m\libc.a(lib_a-mprec.o)
 .rodata._setlocale_r.str1.4
                0x0040785c        0xa c:/program files (x86)/atmel/studio/7.0/toolchain/arm/arm-gnu-toolchain/bin/../lib/gcc/arm-none-eabi/6.3.1/../../../../arm-none-eabi/lib/thumb/v7e-m\libc.a(lib_a-locale.o)
                                  0xd (size before relaxing)
 *fill*         0x00407866        0x2 
 .rodata.str1.4
                0x00407868        0x4 c:/program files (x86)/atmel/studio/7.0/toolchain/arm/arm-gnu-toolchain/bin/../lib/gcc/arm-none-eabi/6.3.1/../../../../arm-none-eabi/lib/thumb/v7e-m\libc.a(lib_a-locale.o)
                                  0x2 (size before relaxing)
 .rodata._ctype_
                0x0040786c      0x101 c:/program files (x86)/atmel/studio/7.0/toolchain/arm/arm-gnu-toolchain/bin/../lib/gcc/arm-none-eabi/6.3.1/../../../../arm-none-eabi/lib/thumb/v7e-m\libc.a(lib_a-ctype_.o)
                0x0040786c                _ctype_
 *(.ARM.extab* .gnu.linkonce.armextab.*)
                0x00407970                . = ALIGN (0x4)
 *fill*         0x0040796d        0x3 
 *(.init)
 .init          0x00407970        0x4 c:/program files (x86)/atmel/studio/7.0/toolchain/arm/arm-gnu-toolchain/bin/../lib/gcc/arm-none-eabi/6.3.1/thumb/v7e-m/crti.o
                0x00407970                _init
 .init          0x00407974        0x8 c:/program files (x86)/atmel/studio/7.0/toolchain/arm/arm-gnu-toolchain/bin/../lib/gcc/arm-none-eabi/6.3.1/thumb/v7e-m/crtn.o
                0x0040797c                . = ALIGN (0x4)
                0x0040797c                __preinit_array_start = .
 *(.preinit_array)
                0x0040797c                __preinit_array_end = .
                0x0040797c                . = ALIGN (0x4)
                0x0040797c                __init_array_start = .
 *(SORT(.init_array.*))
 .init_array.00000
                0x0040797c        0x4 c:/program files (x86)/atmel/studio/7.0/toolchain/arm/arm-gnu-toolchain/bin/../lib/gcc/arm-none-eabi/6.3.1/../../../../arm-none-eabi/lib/thumb/v7e-m\libc.a(lib_a-__call_atexit.o)
 *(.init_array)
 .init_array    0x00407980        0x4 c:/program files (x86)/atmel/studio/7.0/toolchain/arm/arm-gnu-toolchain/bin/../lib/gcc/arm-none-eabi/6.3.1/thumb/v7e-m/crtbegin.o
                0x00407984                __init_array_end = .
                0x00407984                . = ALIGN (0x4)
 *crtbegin.o(.ctors)
 *(EXCLUDE_FILE(*crtend.o) .ctors)
 *(SORT(.ctors.*))
 *crtend.o(.ctors)
                0x00407984                . = ALIGN (0x4)
 *(.fini)
 .fini          0x00407984        0x4 c:/program files (x86)/atmel/studio/7.0/toolchain/arm/arm-gnu-toolchain/bin/../lib/gcc/arm-none-eabi/6.3.1/thumb/v7e-m/crti.o
                0x00407984                _fini
 .fini          0x00407988        0x8 c:/program files (x86)/atmel/studio/7.0/toolchain/arm/arm-gnu-toolchain/bin/../lib/gcc/arm-none-eabi/6.3.1/thumb/v7e-m/crtn.o
                0x00407990                . = ALIGN (0x4)
                0x00407990                __fini_array_start = .
 *(.fini_array)
 .fini_array    0x00407990        0x4 c:/program files (x86)/atmel/studio/7.0/toolchain/arm/arm-gnu-toolchain/bin/../lib/gcc/arm-none-eabi/6.3.1/thumb/v7e-m/crtbegin.o
 *(SORT(.fini_array.*))
                0x00407994                __fini_array_end = .
 *crtbegin.o(.dtors)
 *(EXCLUDE_FILE(*crtend.o) .dtors)
 *(SORT(.dtors.*))
 *crtend.o(.dtors)
                0x00407994                . = ALIGN (0x4)
                0x00407994                _efixed = .
                [!provide]                PROVIDE (__exidx_start, .)

.vfp11_veneer   0x00407994        0x0
 .vfp11_veneer  0x00407994        0x0 linker stubs

.v4_bx          0x00407994        0x0
 .v4_bx         0x00407994        0x0 linker stubs

.iplt           0x00407994        0x0
 .iplt          0x00407994        0x0 c:/program files (x86)/atmel/studio/7.0/toolchain/arm/arm-gnu-toolchain/bin/../lib/gcc/arm-none-eabi/6.3.1/thumb/v7e-m/crtbegin.o

.ARM.exidx      0x00407994        0x8
 *(.ARM.exidx* .gnu.linkonce.armexidx.*)
 .ARM.exidx     0x00407994        0x8 c:/program files (x86)/atmel/studio/7.0/toolchain/arm/arm-gnu-toolchain/bin/../lib/gcc/arm-none-eabi/6.3.1/thumb/v7e-m\libgcc.a(_udivmoddi4.o)
                [!provide]                PROVIDE (__exidx_end, .)

.eh_frame       0x0040799c        0x0
 .eh_frame      0x0040799c        0x0 c:/program files (x86)/atmel/studio/7.0/toolchain/arm/arm-gnu-toolchain/bin/../lib/gcc/arm-none-eabi/6.3.1/thumb/v7e-m/crtbegin.o

.rel.dyn        0x0040799c        0x0
 .rel.iplt      0x0040799c        0x0 c:/program files (x86)/atmel/studio/7.0/toolchain/arm/arm-gnu-toolchain/bin/../lib/gcc/arm-none-eabi/6.3.1/thumb/v7e-m/crtbegin.o

.jcr            0x0040799c        0x0
 .jcr           0x0040799c        0x0 c:/program files (x86)/atmel/studio/7.0/toolchain/arm/arm-gnu-toolchain/bin/../lib/gcc/arm-none-eabi/6.3.1/thumb/v7e-m/crtbegin.o

.igot.plt       0x0040799c        0x0
 .igot.plt      0x0040799c        0x0 c:/program files (x86)/atmel/studio/7.0/toolchain/arm/arm-gnu-toolchain/bin/../lib/gcc/arm-none-eabi/6.3.1/thumb/v7e-m/crtbegin.o
                0x0040799c                . = ALIGN (0x4)
                0x0040799c                _etext = .

.relocate       0x20000000      0x9c0 load address 0x0040799c
                0x20000000                . = ALIGN (0x4)
                0x20000000                _srelocate = .
 *(.ramfunc .ramfunc.*)
 .ramfunc       0x20000000        0xa src/ASF/common/services/delay/sam/cycle_counter.o
                0x20000000                portable_delay_cycles
 *(.data .data.*)
 *fill*         0x2000000a        0x2 
 .data.SystemCoreClock
                0x2000000c        0x4 src/ASF/sam/utils/cmsis/sam4s/source/templates/system_sam4s.o
                0x2000000c                SystemCoreClock
 .data._impure_ptr
                0x20000010        0x4 c:/program files (x86)/atmel/studio/7.0/toolchain/arm/arm-gnu-toolchain/bin/../lib/gcc/arm-none-eabi/6.3.1/../../../../arm-none-eabi/lib/thumb/v7e-m\libc.a(lib_a-impure.o)
                0x20000010                _impure_ptr
 *fill*         0x20000014        0x4 
 .data.impure_data
                0x20000018      0x428 c:/program files (x86)/atmel/studio/7.0/toolchain/arm/arm-gnu-toolchain/bin/../lib/gcc/arm-none-eabi/6.3.1/../../../../arm-none-eabi/lib/thumb/v7e-m\libc.a(lib_a-impure.o)
 .data.__atexit_recursive_mutex
                0x20000440        0x4 c:/program files (x86)/atmel/studio/7.0/toolchain/arm/arm-gnu-toolchain/bin/../lib/gcc/arm-none-eabi/6.3.1/../../../../arm-none-eabi/lib/thumb/v7e-m\libc.a(lib_a-__call_atexit.o)
                0x20000440                __atexit_recursive_mutex
 .data.__malloc_av_
                0x20000444      0x408 c:/program files (x86)/atmel/studio/7.0/toolchain/arm/arm-gnu-toolchain/bin/../lib/gcc/arm-none-eabi/6.3.1/../../../../arm-none-eabi/lib/thumb/v7e-m\libc.a(lib_a-mallocr.o)
                0x20000444                __malloc_av_
 .data.__malloc_sbrk_base
                0x2000084c        0x4 c:/program files (x86)/atmel/studio/7.0/toolchain/arm/arm-gnu-toolchain/bin/../lib/gcc/arm-none-eabi/6.3.1/../../../../arm-none-eabi/lib/thumb/v7e-m\libc.a(lib_a-mallocr.o)
                0x2000084c                __malloc_sbrk_base
 .data.__malloc_trim_threshold
                0x20000850        0x4 c:/program files (x86)/atmel/studio/7.0/toolchain/arm/arm-gnu-toolchain/bin/../lib/gcc/arm-none-eabi/6.3.1/../../../../arm-none-eabi/lib/thumb/v7e-m\libc.a(lib_a-mallocr.o)
                0x20000850                __malloc_trim_threshold
 .data.__global_locale
                0x20000854      0x16c c:/program files (x86)/atmel/studio/7.0/toolchain/arm/arm-gnu-toolchain/bin/../lib/gcc/arm-none-eabi/6.3.1/../../../../arm-none-eabi/lib/thumb/v7e-m\libc.a(lib_a-locale.o)
                0x20000854                __global_locale
                0x200009c0                . = ALIGN (0x4)
                0x200009c0                _erelocate = .

.bss            0x200009c0    0x18ca8 load address 0x0040835c
                0x200009c0                . = ALIGN (0x4)
                0x200009c0                _sbss = .
                0x200009c0                _szero = .
 *(.bss .bss.*)
 .bss           0x200009c0       0x1c c:/program files (x86)/atmel/studio/7.0/toolchain/arm/arm-gnu-toolchain/bin/../lib/gcc/arm-none-eabi/6.3.1/thumb/v7e-m/crtbegin.o
 .bss.ul_reg_val.7523
                0x200009dc        0x4 src/ASF/sam/drivers/usart/usart.o
 .bss.gs_interrupt_sources
                0x200009e0       0x70 src/ASF/sam/drivers/pio/pio_handler.o
 .bss.gs_ul_nb_sources
                0x20000a50        0x4 src/ASF/sam/drivers/pio/pio_handler.o
 .bss.pio_capture_handler
                0x20000a54        0x4 src/ASF/sam/drivers/pio/pio_handler.o
 .bss.g_ul_vsync_flag
                0x20000a58        0x4 src/camera.o
 .bss.command_flag
                0x20000a5c        0x1 src/wifi.o
                0x20000a5c                command_flag
 *fill*         0x20000a5d        0x1 
 .bss.data.9100
                0x20000a5e        0x2 src/wifi.o
 .bss.new_rx_wifi
                0x20000a60        0x1 src/wifi.o
                0x20000a60                new_rx_wifi
 *fill*         0x20000a61        0x3 
 .bss.received_byte_wifi
                0x20000a64        0x4 src/wifi.o
                0x20000a64                received_byte_wifi
 .bss.wifi_in_index
                0x20000a68        0x4 src/wifi.o
                0x20000a68                wifi_in_index
 .bss.heap.5297
                0x20000a6c        0x4 src/ASF/sam/utils/syscalls/gcc/syscalls.o
 .bss.__malloc_current_mallinfo
                0x20000a70       0x28 c:/program files (x86)/atmel/studio/7.0/toolchain/arm/arm-gnu-toolchain/bin/../lib/gcc/arm-none-eabi/6.3.1/../../../../arm-none-eabi/lib/thumb/v7e-m\libc.a(lib_a-mallocr.o)
                0x20000a70                __malloc_current_mallinfo
 .bss.__malloc_max_sbrked_mem
                0x20000a98        0x4 c:/program files (x86)/atmel/studio/7.0/toolchain/arm/arm-gnu-toolchain/bin/../lib/gcc/arm-none-eabi/6.3.1/../../../../arm-none-eabi/lib/thumb/v7e-m\libc.a(lib_a-mallocr.o)
                0x20000a98                __malloc_max_sbrked_mem
 .bss.__malloc_max_total_mem
                0x20000a9c        0x4 c:/program files (x86)/atmel/studio/7.0/toolchain/arm/arm-gnu-toolchain/bin/../lib/gcc/arm-none-eabi/6.3.1/../../../../arm-none-eabi/lib/thumb/v7e-m\libc.a(lib_a-mallocr.o)
                0x20000a9c                __malloc_max_total_mem
 .bss.__malloc_top_pad
                0x20000aa0        0x4 c:/program files (x86)/atmel/studio/7.0/toolchain/arm/arm-gnu-toolchain/bin/../lib/gcc/arm-none-eabi/6.3.1/../../../../arm-none-eabi/lib/thumb/v7e-m\libc.a(lib_a-mallocr.o)
                0x20000aa0                __malloc_top_pad
 *(COMMON)
 COMMON         0x20000aa4    0x186cc src/camera.o
                0x20000aa4                image_size
                0x20000aa8                end_pos
                0x20000aac                image_sent_flag
                0x20000ab0                g_p_uc_cap_dest_buf
                0x20019150                p_pio
                0x20019154                start_pos
                0x20019158                ul_id
                0x2001915c                img_buf
                0x20019160                len_success
                0x20019164                ul_mask
                0x20019168                image_ended
                0x20019169                image_started
                0x2001916c                ul_size
 COMMON         0x20019170        0x1 src/timer_interface.o
                0x20019170                counts
 *fill*         0x20019171        0x3 
 COMMON         0x20019174      0x3fd src/wifi.o
                0x20019174                wifi_in
                0x2001955c                gs_ul_transfer_index
                0x20019560                reading_wifi_flag
                0x20019564                gs_ul_transfer_length
                0x20019568                times_through_buffer
                0x2001956c                gs_puc_transfer_buffer
                0x20019570                provisioning_flag
 *fill*         0x20019571        0x3 
 COMMON         0x20019574        0x4 src/ASF/sam/drivers/pio/pio.o
                0x20019574                pio_capture_enable_flag
 COMMON         0x20019578       0xc8 src/main.o
                0x20019578                buff
 COMMON         0x20019640       0x21 c:/program files (x86)/atmel/studio/7.0/toolchain/arm/arm-gnu-toolchain/bin/../lib/gcc/arm-none-eabi/6.3.1/../../../../arm-none-eabi/lib/thumb/v7e-m\libc.a(lib_a-lock.o)
                0x20019640                __lock___atexit_recursive_mutex
                0x20019644                __lock___arc4random_mutex
                0x20019648                __lock___env_recursive_mutex
                0x2001964c                __lock___sinit_recursive_mutex
                0x20019650                __lock___malloc_recursive_mutex
                0x20019654                __lock___at_quick_exit_mutex
                0x20019658                __lock___dd_hash_mutex
                0x2001965c                __lock___tz_mutex
                0x20019660                __lock___sfp_recursive_mutex
 *fill*         0x20019661        0x3 
 COMMON         0x20019664        0x4 c:/program files (x86)/atmel/studio/7.0/toolchain/arm/arm-gnu-toolchain/bin/../lib/gcc/arm-none-eabi/6.3.1/../../../../arm-none-eabi/lib/thumb/v7e-m\libc.a(lib_a-reent.o)
                0x20019664                errno
                0x20019668                . = ALIGN (0x4)
                0x20019668                _ebss = .
                0x20019668                _ezero = .

.stack          0x20019668     0x3000 load address 0x00421004
                0x20019668                . = ALIGN (0x8)
                0x20019668                _sstack = .
                0x2001c668                . = (. + __stack_size__)
 *fill*         0x20019668     0x3000 
                0x2001c668                . = ALIGN (0x8)
                0x2001c668                _estack = .
                0x2001c668                . = ALIGN (0x4)
                0x2001c668                _end = .
OUTPUT(ee326_final_project.elf elf32-littlearm)

.ARM.attributes
                0x00000000       0x2a
 .ARM.attributes
                0x00000000       0x1e c:/program files (x86)/atmel/studio/7.0/toolchain/arm/arm-gnu-toolchain/bin/../lib/gcc/arm-none-eabi/6.3.1/thumb/v7e-m/crti.o
 .ARM.attributes
                0x0000001e       0x2e c:/program files (x86)/atmel/studio/7.0/toolchain/arm/arm-gnu-toolchain/bin/../lib/gcc/arm-none-eabi/6.3.1/thumb/v7e-m/crtbegin.o
 .ARM.attributes
                0x0000004c       0x33 src/ASF/sam/drivers/spi/spi.o
 .ARM.attributes
                0x0000007f       0x33 src/ASF/sam/drivers/tc/tc.o
 .ARM.attributes
                0x000000b2       0x33 src/ASF/sam/drivers/wdt/wdt.o
 .ARM.attributes
                0x000000e5       0x33 src/ASF/sam/drivers/usart/usart.o
 .ARM.attributes
                0x00000118       0x33 src/ASF/sam/drivers/twi/twi.o
 .ARM.attributes
                0x0000014b       0x33 src/ASF/sam/drivers/pio/pio_handler.o
 .ARM.attributes
                0x0000017e       0x33 src/camera.o
 .ARM.attributes
                0x000001b1       0x33 src/ov2640.o
 .ARM.attributes
                0x000001e4       0x33 src/ov2640_table_registers.o
 .ARM.attributes
                0x00000217       0x33 src/timer_interface.o
 .ARM.attributes
                0x0000024a       0x33 src/wifi.o
 .ARM.attributes
                0x0000027d       0x33 src/ASF/common/services/delay/sam/cycle_counter.o
 .ARM.attributes
                0x000002b0       0x33 src/ASF/common/services/clock/sam4s/sysclk.o
 .ARM.attributes
                0x000002e3       0x33 src/ASF/sam/drivers/pio/pio.o
 .ARM.attributes
                0x00000316       0x33 src/ASF/sam/drivers/pmc/pmc.o
 .ARM.attributes
                0x00000349       0x33 src/ASF/common/boards/user_board/init.o
 .ARM.attributes
                0x0000037c       0x33 src/ASF/sam/utils/cmsis/sam4s/source/templates/gcc/startup_sam4s.o
 .ARM.attributes
                0x000003af       0x33 src/ASF/sam/utils/cmsis/sam4s/source/templates/system_sam4s.o
 .ARM.attributes
                0x000003e2       0x33 src/ASF/sam/utils/syscalls/gcc/syscalls.o
 .ARM.attributes
                0x00000415       0x33 src/main.o
 .ARM.attributes
                0x00000448       0x2e c:/program files (x86)/atmel/studio/7.0/toolchain/arm/arm-gnu-toolchain/bin/../lib/gcc/arm-none-eabi/6.3.1/../../../../arm-none-eabi/lib/thumb/v7e-m\libc.a(lib_a-impure.o)
 .ARM.attributes
                0x00000476       0x2e c:/program files (x86)/atmel/studio/7.0/toolchain/arm/arm-gnu-toolchain/bin/../lib/gcc/arm-none-eabi/6.3.1/../../../../arm-none-eabi/lib/thumb/v7e-m\libc.a(lib_a-init.o)
 .ARM.attributes
                0x000004a4       0x2e c:/program files (x86)/atmel/studio/7.0/toolchain/arm/arm-gnu-toolchain/bin/../lib/gcc/arm-none-eabi/6.3.1/../../../../arm-none-eabi/lib/thumb/v7e-m\libc.a(lib_a-memset.o)
 .ARM.attributes
                0x000004d2       0x2e c:/program files (x86)/atmel/studio/7.0/toolchain/arm/arm-gnu-toolchain/bin/../lib/gcc/arm-none-eabi/6.3.1/../../../../arm-none-eabi/lib/thumb/v7e-m\libc.a(lib_a-sprintf.o)
 .ARM.attributes
                0x00000500       0x2e c:/program files (x86)/atmel/studio/7.0/toolchain/arm/arm-gnu-toolchain/bin/../lib/gcc/arm-none-eabi/6.3.1/../../../../arm-none-eabi/lib/thumb/v7e-m\libc.a(lib_a-strstr.o)
 .ARM.attributes
                0x0000052e       0x2e c:/program files (x86)/atmel/studio/7.0/toolchain/arm/arm-gnu-toolchain/bin/../lib/gcc/arm-none-eabi/6.3.1/../../../../arm-none-eabi/lib/thumb/v7e-m\libc.a(lib_a-svfprintf.o)
 .ARM.attributes
                0x0000055c       0x2e c:/program files (x86)/atmel/studio/7.0/toolchain/arm/arm-gnu-toolchain/bin/../lib/gcc/arm-none-eabi/6.3.1/../../../../arm-none-eabi/lib/thumb/v7e-m\libc.a(lib_a-__call_atexit.o)
 .ARM.attributes
                0x0000058a       0x2e c:/program files (x86)/atmel/studio/7.0/toolchain/arm/arm-gnu-toolchain/bin/../lib/gcc/arm-none-eabi/6.3.1/../../../../arm-none-eabi/lib/thumb/v7e-m\libc.a(lib_a-atexit.o)
 .ARM.attributes
                0x000005b8       0x2e c:/program files (x86)/atmel/studio/7.0/toolchain/arm/arm-gnu-toolchain/bin/../lib/gcc/arm-none-eabi/6.3.1/../../../../arm-none-eabi/lib/thumb/v7e-m\libc.a(lib_a-dtoa.o)
 .ARM.attributes
                0x000005e6       0x2e c:/program files (x86)/atmel/studio/7.0/toolchain/arm/arm-gnu-toolchain/bin/../lib/gcc/arm-none-eabi/6.3.1/../../../../arm-none-eabi/lib/thumb/v7e-m\libc.a(lib_a-fini.o)
 .ARM.attributes
                0x00000614       0x2e c:/program files (x86)/atmel/studio/7.0/toolchain/arm/arm-gnu-toolchain/bin/../lib/gcc/arm-none-eabi/6.3.1/../../../../arm-none-eabi/lib/thumb/v7e-m\libc.a(lib_a-localeconv.o)
 .ARM.attributes
                0x00000642       0x2e c:/program files (x86)/atmel/studio/7.0/toolchain/arm/arm-gnu-toolchain/bin/../lib/gcc/arm-none-eabi/6.3.1/../../../../arm-none-eabi/lib/thumb/v7e-m\libc.a(lib_a-lock.o)
 .ARM.attributes
                0x00000670       0x2e c:/program files (x86)/atmel/studio/7.0/toolchain/arm/arm-gnu-toolchain/bin/../lib/gcc/arm-none-eabi/6.3.1/../../../../arm-none-eabi/lib/thumb/v7e-m\libc.a(lib_a-mallocr.o)
 .ARM.attributes
                0x0000069e       0x1c c:/program files (x86)/atmel/studio/7.0/toolchain/arm/arm-gnu-toolchain/bin/../lib/gcc/arm-none-eabi/6.3.1/../../../../arm-none-eabi/lib/thumb/v7e-m\libc.a(lib_a-memchr.o)
 .ARM.attributes
                0x000006ba       0x2e c:/program files (x86)/atmel/studio/7.0/toolchain/arm/arm-gnu-toolchain/bin/../lib/gcc/arm-none-eabi/6.3.1/../../../../arm-none-eabi/lib/thumb/v7e-m\libc.a(lib_a-memcmp.o)
 .ARM.attributes
                0x000006e8       0x1c c:/program files (x86)/atmel/studio/7.0/toolchain/arm/arm-gnu-toolchain/bin/../lib/gcc/arm-none-eabi/6.3.1/../../../../arm-none-eabi/lib/thumb/v7e-m\libc.a(lib_a-memcpy.o)
 .ARM.attributes
                0x00000704       0x2e c:/program files (x86)/atmel/studio/7.0/toolchain/arm/arm-gnu-toolchain/bin/../lib/gcc/arm-none-eabi/6.3.1/../../../../arm-none-eabi/lib/thumb/v7e-m\libc.a(lib_a-mlock.o)
 .ARM.attributes
                0x00000732       0x2e c:/program files (x86)/atmel/studio/7.0/toolchain/arm/arm-gnu-toolchain/bin/../lib/gcc/arm-none-eabi/6.3.1/../../../../arm-none-eabi/lib/thumb/v7e-m\libc.a(lib_a-mprec.o)
 .ARM.attributes
                0x00000760       0x2e c:/program files (x86)/atmel/studio/7.0/toolchain/arm/arm-gnu-toolchain/bin/../lib/gcc/arm-none-eabi/6.3.1/../../../../arm-none-eabi/lib/thumb/v7e-m\libc.a(lib_a-sbrkr.o)
 .ARM.attributes
                0x0000078e       0x2e c:/program files (x86)/atmel/studio/7.0/toolchain/arm/arm-gnu-toolchain/bin/../lib/gcc/arm-none-eabi/6.3.1/../../../../arm-none-eabi/lib/thumb/v7e-m\libc.a(lib_a-strchr.o)
 .ARM.attributes
                0x000007bc       0x1c c:/program files (x86)/atmel/studio/7.0/toolchain/arm/arm-gnu-toolchain/bin/../lib/gcc/arm-none-eabi/6.3.1/../../../../arm-none-eabi/lib/thumb/v7e-m\libc.a(lib_a-strlen.o)
 .ARM.attributes
                0x000007d8       0x2e c:/program files (x86)/atmel/studio/7.0/toolchain/arm/arm-gnu-toolchain/bin/../lib/gcc/arm-none-eabi/6.3.1/../../../../arm-none-eabi/lib/thumb/v7e-m\libc.a(lib_a-svfiprintf.o)
 .ARM.attributes
                0x00000806       0x2e c:/program files (x86)/atmel/studio/7.0/toolchain/arm/arm-gnu-toolchain/bin/../lib/gcc/arm-none-eabi/6.3.1/../../../../arm-none-eabi/lib/thumb/v7e-m\libc.a(lib_a-__atexit.o)
 .ARM.attributes
                0x00000834       0x2e c:/program files (x86)/atmel/studio/7.0/toolchain/arm/arm-gnu-toolchain/bin/../lib/gcc/arm-none-eabi/6.3.1/../../../../arm-none-eabi/lib/thumb/v7e-m\libc.a(lib_a-callocr.o)
 .ARM.attributes
                0x00000862       0x2e c:/program files (x86)/atmel/studio/7.0/toolchain/arm/arm-gnu-toolchain/bin/../lib/gcc/arm-none-eabi/6.3.1/../../../../arm-none-eabi/lib/thumb/v7e-m\libc.a(lib_a-freer.o)
 .ARM.attributes
                0x00000890       0x2e c:/program files (x86)/atmel/studio/7.0/toolchain/arm/arm-gnu-toolchain/bin/../lib/gcc/arm-none-eabi/6.3.1/../../../../arm-none-eabi/lib/thumb/v7e-m\libc.a(lib_a-locale.o)
 .ARM.attributes
                0x000008be       0x2e c:/program files (x86)/atmel/studio/7.0/toolchain/arm/arm-gnu-toolchain/bin/../lib/gcc/arm-none-eabi/6.3.1/../../../../arm-none-eabi/lib/thumb/v7e-m\libc.a(lib_a-mbtowc_r.o)
 .ARM.attributes
                0x000008ec       0x2e c:/program files (x86)/atmel/studio/7.0/toolchain/arm/arm-gnu-toolchain/bin/../lib/gcc/arm-none-eabi/6.3.1/../../../../arm-none-eabi/lib/thumb/v7e-m\libc.a(lib_a-memmove.o)
 .ARM.attributes
                0x0000091a       0x2e c:/program files (x86)/atmel/studio/7.0/toolchain/arm/arm-gnu-toolchain/bin/../lib/gcc/arm-none-eabi/6.3.1/../../../../arm-none-eabi/lib/thumb/v7e-m\libc.a(lib_a-reallocr.o)
 .ARM.attributes
                0x00000948       0x2e c:/program files (x86)/atmel/studio/7.0/toolchain/arm/arm-gnu-toolchain/bin/../lib/gcc/arm-none-eabi/6.3.1/../../../../arm-none-eabi/lib/thumb/v7e-m\libc.a(lib_a-reent.o)
 .ARM.attributes
                0x00000976       0x2e c:/program files (x86)/atmel/studio/7.0/toolchain/arm/arm-gnu-toolchain/bin/../lib/gcc/arm-none-eabi/6.3.1/../../../../arm-none-eabi/lib/thumb/v7e-m\libc.a(lib_a-wctomb_r.o)
 .ARM.attributes
                0x000009a4       0x2e c:/program files (x86)/atmel/studio/7.0/toolchain/arm/arm-gnu-toolchain/bin/../lib/gcc/arm-none-eabi/6.3.1/../../../../arm-none-eabi/lib/thumb/v7e-m\libc.a(lib_a-ctype_.o)
 .ARM.attributes
                0x000009d2       0x1e c:/program files (x86)/atmel/studio/7.0/toolchain/arm/arm-gnu-toolchain/bin/../lib/gcc/arm-none-eabi/6.3.1/thumb/v7e-m\libgcc.a(_arm_addsubdf3.o)
 .ARM.attributes
                0x000009f0       0x1e c:/program files (x86)/atmel/studio/7.0/toolchain/arm/arm-gnu-toolchain/bin/../lib/gcc/arm-none-eabi/6.3.1/thumb/v7e-m\libgcc.a(_arm_muldivdf3.o)
 .ARM.attributes
                0x00000a0e       0x1e c:/program files (x86)/atmel/studio/7.0/toolchain/arm/arm-gnu-toolchain/bin/../lib/gcc/arm-none-eabi/6.3.1/thumb/v7e-m\libgcc.a(_arm_cmpdf2.o)
 .ARM.attributes
                0x00000a2c       0x1e c:/program files (x86)/atmel/studio/7.0/toolchain/arm/arm-gnu-toolchain/bin/../lib/gcc/arm-none-eabi/6.3.1/thumb/v7e-m\libgcc.a(_arm_unorddf2.o)
 .ARM.attributes
                0x00000a4a       0x1e c:/program files (x86)/atmel/studio/7.0/toolchain/arm/arm-gnu-toolchain/bin/../lib/gcc/arm-none-eabi/6.3.1/thumb/v7e-m\libgcc.a(_arm_fixdfsi.o)
 .ARM.attributes
                0x00000a68       0x1e c:/program files (x86)/atmel/studio/7.0/toolchain/arm/arm-gnu-toolchain/bin/../lib/gcc/arm-none-eabi/6.3.1/thumb/v7e-m\libgcc.a(_aeabi_uldivmod.o)
 .ARM.attributes
                0x00000a86       0x2e c:/program files (x86)/atmel/studio/7.0/toolchain/arm/arm-gnu-toolchain/bin/../lib/gcc/arm-none-eabi/6.3.1/thumb/v7e-m\libgcc.a(_udivmoddi4.o)
 .ARM.attributes
                0x00000ab4       0x1e c:/program files (x86)/atmel/studio/7.0/toolchain/arm/arm-gnu-toolchain/bin/../lib/gcc/arm-none-eabi/6.3.1/thumb/v7e-m\libgcc.a(_dvmd_tls.o)
 .ARM.attributes
                0x00000ad2       0x1e c:/program files (x86)/atmel/studio/7.0/toolchain/arm/arm-gnu-toolchain/bin/../lib/gcc/arm-none-eabi/6.3.1/thumb/v7e-m/crtn.o

.comment        0x00000000       0x59
 .comment       0x00000000       0x59 src/ASF/sam/drivers/spi/spi.o
                                 0x5a (size before relaxing)
 .comment       0x00000059       0x5a src/ASF/sam/drivers/tc/tc.o
 .comment       0x00000059       0x5a src/ASF/sam/drivers/wdt/wdt.o
 .comment       0x00000059       0x5a src/ASF/sam/drivers/usart/usart.o
 .comment       0x00000059       0x5a src/ASF/sam/drivers/twi/twi.o
 .comment       0x00000059       0x5a src/ASF/sam/drivers/pio/pio_handler.o
 .comment       0x00000059       0x5a src/camera.o
 .comment       0x00000059       0x5a src/ov2640.o
 .comment       0x00000059       0x5a src/ov2640_table_registers.o
 .comment       0x00000059       0x5a src/timer_interface.o
 .comment       0x00000059       0x5a src/wifi.o
 .comment       0x00000059       0x5a src/ASF/common/services/delay/sam/cycle_counter.o
 .comment       0x00000059       0x5a src/ASF/common/services/clock/sam4s/sysclk.o
 .comment       0x00000059       0x5a src/ASF/sam/drivers/pio/pio.o
 .comment       0x00000059       0x5a src/ASF/sam/drivers/pmc/pmc.o
 .comment       0x00000059       0x5a src/ASF/common/boards/user_board/init.o
 .comment       0x00000059       0x5a src/ASF/sam/utils/cmsis/sam4s/source/templates/gcc/startup_sam4s.o
 .comment       0x00000059       0x5a src/ASF/sam/utils/cmsis/sam4s/source/templates/system_sam4s.o
 .comment       0x00000059       0x5a src/ASF/sam/utils/syscalls/gcc/syscalls.o
 .comment       0x00000059       0x5a src/main.o

.debug_info     0x00000000    0x1a116
 .debug_info    0x00000000     0x11c9 src/ASF/sam/drivers/spi/spi.o
 .debug_info    0x000011c9     0x123c src/ASF/sam/drivers/tc/tc.o
 .debug_info    0x00002405      0xbe5 src/ASF/sam/drivers/wdt/wdt.o
 .debug_info    0x00002fea     0x205d src/ASF/sam/drivers/usart/usart.o
 .debug_info    0x00005047     0x1428 src/ASF/sam/drivers/twi/twi.o
 .debug_info    0x0000646f     0x18c9 src/ASF/sam/drivers/pio/pio_handler.o
 .debug_info    0x00007d38     0x1fe0 src/camera.o
 .debug_info    0x00009d18     0x1ca6 src/ov2640.o
 .debug_info    0x0000b9be      0xc72 src/ov2640_table_registers.o
 .debug_info    0x0000c630     0x1080 src/timer_interface.o
 .debug_info    0x0000d6b0     0x2655 src/wifi.o
 .debug_info    0x0000fd05      0xa45 src/ASF/common/services/delay/sam/cycle_counter.o
 .debug_info    0x0001074a     0x12c2 src/ASF/common/services/clock/sam4s/sysclk.o
 .debug_info    0x00011a0c     0x221d src/ASF/sam/drivers/pio/pio.o
 .debug_info    0x00013c29     0x19bc src/ASF/sam/drivers/pmc/pmc.o
 .debug_info    0x000155e5     0x170b src/ASF/common/boards/user_board/init.o
 .debug_info    0x00016cf0      0x6d2 src/ASF/sam/utils/cmsis/sam4s/source/templates/gcc/startup_sam4s.o
 .debug_info    0x000173c2      0x458 src/ASF/sam/utils/cmsis/sam4s/source/templates/system_sam4s.o
 .debug_info    0x0001781a      0xdb0 src/ASF/sam/utils/syscalls/gcc/syscalls.o
 .debug_info    0x000185ca     0x1b4c src/main.o

.debug_abbrev   0x00000000     0x3a96
 .debug_abbrev  0x00000000      0x398 src/ASF/sam/drivers/spi/spi.o
 .debug_abbrev  0x00000398      0x293 src/ASF/sam/drivers/tc/tc.o
 .debug_abbrev  0x0000062b      0x230 src/ASF/sam/drivers/wdt/wdt.o
 .debug_abbrev  0x0000085b      0x406 src/ASF/sam/drivers/usart/usart.o
 .debug_abbrev  0x00000c61      0x39c src/ASF/sam/drivers/twi/twi.o
 .debug_abbrev  0x00000ffd      0x37f src/ASF/sam/drivers/pio/pio_handler.o
 .debug_abbrev  0x0000137c      0x3b8 src/camera.o
 .debug_abbrev  0x00001734      0x3b0 src/ov2640.o
 .debug_abbrev  0x00001ae4      0x1b4 src/ov2640_table_registers.o
 .debug_abbrev  0x00001c98      0x2b8 src/timer_interface.o
 .debug_abbrev  0x00001f50      0x41b src/wifi.o
 .debug_abbrev  0x0000236b      0x1b3 src/ASF/common/services/delay/sam/cycle_counter.o
 .debug_abbrev  0x0000251e      0x333 src/ASF/common/services/clock/sam4s/sysclk.o
 .debug_abbrev  0x00002851      0x3ff src/ASF/sam/drivers/pio/pio.o
 .debug_abbrev  0x00002c50      0x315 src/ASF/sam/drivers/pmc/pmc.o
 .debug_abbrev  0x00002f65      0x2eb src/ASF/common/boards/user_board/init.o
 .debug_abbrev  0x00003250      0x15e src/ASF/sam/utils/cmsis/sam4s/source/templates/gcc/startup_sam4s.o
 .debug_abbrev  0x000033ae      0x102 src/ASF/sam/utils/cmsis/sam4s/source/templates/system_sam4s.o
 .debug_abbrev  0x000034b0      0x264 src/ASF/sam/utils/syscalls/gcc/syscalls.o
 .debug_abbrev  0x00003714      0x382 src/main.o

.debug_loc      0x00000000     0x5b53
 .debug_loc     0x00000000      0x5ac src/ASF/sam/drivers/spi/spi.o
 .debug_loc     0x000005ac      0x5a4 src/ASF/sam/drivers/tc/tc.o
 .debug_loc     0x00000b50      0x145 src/ASF/sam/drivers/wdt/wdt.o
 .debug_loc     0x00000c95      0xe59 src/ASF/sam/drivers/usart/usart.o
 .debug_loc     0x00001aee      0xa21 src/ASF/sam/drivers/twi/twi.o
 .debug_loc     0x0000250f      0x531 src/ASF/sam/drivers/pio/pio_handler.o
 .debug_loc     0x00002a40      0x2c7 src/camera.o
 .debug_loc     0x00002d07      0x9a9 src/ov2640.o
 .debug_loc     0x000036b0       0x6c src/timer_interface.o
 .debug_loc     0x0000371c      0x462 src/wifi.o
 .debug_loc     0x00003b7e      0x1d9 src/ASF/common/services/clock/sam4s/sysclk.o
 .debug_loc     0x00003d57      0xdef src/ASF/sam/drivers/pio/pio.o
 .debug_loc     0x00004b46      0xb91 src/ASF/sam/drivers/pmc/pmc.o
 .debug_loc     0x000056d7      0x18a src/ASF/common/boards/user_board/init.o
 .debug_loc     0x00005861       0xa1 src/ASF/sam/utils/cmsis/sam4s/source/templates/gcc/startup_sam4s.o
 .debug_loc     0x00005902       0xfd src/ASF/sam/utils/syscalls/gcc/syscalls.o
 .debug_loc     0x000059ff      0x154 src/main.o

.debug_aranges  0x00000000      0xb78
 .debug_aranges
                0x00000000       0x90 src/ASF/sam/drivers/spi/spi.o
 .debug_aranges
                0x00000090       0xd0 src/ASF/sam/drivers/tc/tc.o
 .debug_aranges
                0x00000160       0x48 src/ASF/sam/drivers/wdt/wdt.o
 .debug_aranges
                0x000001a8      0x210 src/ASF/sam/drivers/usart/usart.o
 .debug_aranges
                0x000003b8       0xc8 src/ASF/sam/drivers/twi/twi.o
 .debug_aranges
                0x00000480       0x50 src/ASF/sam/drivers/pio/pio_handler.o
 .debug_aranges
                0x000004d0       0x60 src/camera.o
 .debug_aranges
                0x00000530       0x78 src/ov2640.o
 .debug_aranges
                0x000005a8       0x18 src/ov2640_table_registers.o
 .debug_aranges
                0x000005c0       0x28 src/timer_interface.o
 .debug_aranges
                0x000005e8       0x88 src/wifi.o
 .debug_aranges
                0x00000670       0x20 src/ASF/common/services/delay/sam/cycle_counter.o
 .debug_aranges
                0x00000690       0x40 src/ASF/common/services/clock/sam4s/sysclk.o
 .debug_aranges
                0x000006d0      0x1a8 src/ASF/sam/drivers/pio/pio.o
 .debug_aranges
                0x00000878      0x208 src/ASF/sam/drivers/pmc/pmc.o
 .debug_aranges
                0x00000a80       0x20 src/ASF/common/boards/user_board/init.o
 .debug_aranges
                0x00000aa0       0x28 src/ASF/sam/utils/cmsis/sam4s/source/templates/gcc/startup_sam4s.o
 .debug_aranges
                0x00000ac8       0x30 src/ASF/sam/utils/cmsis/sam4s/source/templates/system_sam4s.o
 .debug_aranges
                0x00000af8       0x60 src/ASF/sam/utils/syscalls/gcc/syscalls.o
 .debug_aranges
                0x00000b58       0x20 src/main.o

.debug_ranges   0x00000000      0xaf8
 .debug_ranges  0x00000000       0x80 src/ASF/sam/drivers/spi/spi.o
 .debug_ranges  0x00000080       0xc0 src/ASF/sam/drivers/tc/tc.o
 .debug_ranges  0x00000140       0x38 src/ASF/sam/drivers/wdt/wdt.o
 .debug_ranges  0x00000178      0x200 src/ASF/sam/drivers/usart/usart.o
 .debug_ranges  0x00000378       0xb8 src/ASF/sam/drivers/twi/twi.o
 .debug_ranges  0x00000430       0x58 src/ASF/sam/drivers/pio/pio_handler.o
 .debug_ranges  0x00000488       0x50 src/camera.o
 .debug_ranges  0x000004d8       0x80 src/ov2640.o
 .debug_ranges  0x00000558       0x18 src/timer_interface.o
 .debug_ranges  0x00000570       0x78 src/wifi.o
 .debug_ranges  0x000005e8       0x10 src/ASF/common/services/delay/sam/cycle_counter.o
 .debug_ranges  0x000005f8       0x30 src/ASF/common/services/clock/sam4s/sysclk.o
 .debug_ranges  0x00000628      0x1b0 src/ASF/sam/drivers/pio/pio.o
 .debug_ranges  0x000007d8      0x1f8 src/ASF/sam/drivers/pmc/pmc.o
 .debug_ranges  0x000009d0       0x10 src/ASF/common/boards/user_board/init.o
 .debug_ranges  0x000009e0       0x18 src/ASF/sam/utils/cmsis/sam4s/source/templates/gcc/startup_sam4s.o
 .debug_ranges  0x000009f8       0x20 src/ASF/sam/utils/cmsis/sam4s/source/templates/system_sam4s.o
 .debug_ranges  0x00000a18       0x50 src/ASF/sam/utils/syscalls/gcc/syscalls.o
 .debug_ranges  0x00000a68       0x90 src/main.o

.debug_macro    0x00000000     0x8073
 .debug_macro   0x00000000      0x576 src/ASF/sam/drivers/spi/spi.o
 .debug_macro   0x00000576       0x10 src/ASF/sam/drivers/spi/spi.o
 .debug_macro   0x00000586      0x508 src/ASF/sam/drivers/tc/tc.o
 .debug_macro   0x00000a8e       0x52 src/ASF/sam/drivers/tc/tc.o
 .debug_macro   0x00000ae0       0x8d src/ASF/sam/drivers/tc/tc.o
 .debug_macro   0x00000b6d       0x16 src/ASF/sam/drivers/tc/tc.o
 .debug_macro   0x00000b83       0x57 src/ASF/sam/drivers/tc/tc.o
 .debug_macro   0x00000bda       0x1c src/ASF/sam/drivers/tc/tc.o
 .debug_macro   0x00000bf6      0x515 src/ASF/sam/drivers/wdt/wdt.o
 .debug_macro   0x0000110b      0x538 src/ASF/sam/drivers/usart/usart.o
 .debug_macro   0x00001643       0x28 src/ASF/sam/drivers/usart/usart.o
 .debug_macro   0x0000166b      0x52c src/ASF/sam/drivers/twi/twi.o
 .debug_macro   0x00001b97       0x46 src/ASF/sam/drivers/twi/twi.o
 .debug_macro   0x00001bdd      0x512 src/ASF/sam/drivers/pio/pio_handler.o
 .debug_macro   0x000020ef       0x8e src/ASF/sam/drivers/pio/pio_handler.o
 .debug_macro   0x0000217d      0x6dc src/camera.o
 .debug_macro   0x00002859       0x28 src/camera.o
 .debug_macro   0x00002881       0x22 src/camera.o
 .debug_macro   0x000028a3       0x94 src/camera.o
 .debug_macro   0x00002937       0x40 src/camera.o
 .debug_macro   0x00002977       0x88 src/camera.o
 .debug_macro   0x000029ff       0x34 src/camera.o
 .debug_macro   0x00002a33       0x4c src/camera.o
 .debug_macro   0x00002a7f       0x10 src/camera.o
 .debug_macro   0x00002a8f       0x16 src/camera.o
 .debug_macro   0x00002aa5       0x10 src/camera.o
 .debug_macro   0x00002ab5      0x401 src/camera.o
 .debug_macro   0x00002eb6      0x5ca src/ov2640.o
 .debug_macro   0x00003480      0x3fb src/ov2640.o
 .debug_macro   0x0000387b       0x16 src/ov2640.o
 .debug_macro   0x00003891      0x5a6 src/ov2640_table_registers.o
 .debug_macro   0x00003e37      0x2d9 src/ov2640_table_registers.o
 .debug_macro   0x00004110      0x6ea src/timer_interface.o
 .debug_macro   0x000047fa      0x70d src/wifi.o
 .debug_macro   0x00004f07       0x28 src/wifi.o
 .debug_macro   0x00004f2f       0x10 src/wifi.o
 .debug_macro   0x00004f3f      0x502 src/ASF/common/services/delay/sam/cycle_counter.o
 .debug_macro   0x00005441       0x22 src/ASF/common/services/delay/sam/cycle_counter.o
 .debug_macro   0x00005463      0x56d src/ASF/common/services/clock/sam4s/sysclk.o
 .debug_macro   0x000059d0      0x508 src/ASF/sam/drivers/pio/pio.o
 .debug_macro   0x00005ed8      0x508 src/ASF/sam/drivers/pmc/pmc.o
 .debug_macro   0x000063e0       0x52 src/ASF/sam/drivers/pmc/pmc.o
 .debug_macro   0x00006432      0x6b5 src/ASF/common/boards/user_board/init.o
 .debug_macro   0x00006ae7      0x2f4 src/ASF/sam/utils/cmsis/sam4s/source/templates/gcc/startup_sam4s.o
 .debug_macro   0x00006ddb      0x2fc src/ASF/sam/utils/cmsis/sam4s/source/templates/system_sam4s.o
 .debug_macro   0x000070d7      0x1d6 src/ASF/sam/utils/syscalls/gcc/syscalls.o
 .debug_macro   0x000072ad       0x97 src/ASF/sam/utils/syscalls/gcc/syscalls.o
 .debug_macro   0x00007344      0x353 src/ASF/sam/utils/syscalls/gcc/syscalls.o
 .debug_macro   0x00007697       0xf6 src/ASF/sam/utils/syscalls/gcc/syscalls.o
 .debug_macro   0x0000778d       0x4c src/ASF/sam/utils/syscalls/gcc/syscalls.o
 .debug_macro   0x000077d9       0x16 src/ASF/sam/utils/syscalls/gcc/syscalls.o
 .debug_macro   0x000077ef       0x10 src/ASF/sam/utils/syscalls/gcc/syscalls.o
 .debug_macro   0x000077ff       0x10 src/ASF/sam/utils/syscalls/gcc/syscalls.o
 .debug_macro   0x0000780f       0x35 src/ASF/sam/utils/syscalls/gcc/syscalls.o
 .debug_macro   0x00007844      0x122 src/ASF/sam/utils/syscalls/gcc/syscalls.o
 .debug_macro   0x00007966      0x70d src/main.o

.debug_line     0x00000000     0xff57
 .debug_line    0x00000000      0xc8a src/ASF/sam/drivers/spi/spi.o
 .debug_line    0x00000c8a      0xbd7 src/ASF/sam/drivers/tc/tc.o
 .debug_line    0x00001861      0xa8b src/ASF/sam/drivers/wdt/wdt.o
 .debug_line    0x000022ec      0xfb5 src/ASF/sam/drivers/usart/usart.o
 .debug_line    0x000032a1      0xc9d src/ASF/sam/drivers/twi/twi.o
 .debug_line    0x00003f3e      0xafe src/ASF/sam/drivers/pio/pio_handler.o
 .debug_line    0x00004a3c     0x10ac src/camera.o
 .debug_line    0x00005ae8      0xdde src/ov2640.o
 .debug_line    0x000068c6      0xbed src/ov2640_table_registers.o
 .debug_line    0x000074b3      0xfcb src/timer_interface.o
 .debug_line    0x0000847e     0x1177 src/wifi.o
 .debug_line    0x000095f5      0xa3f src/ASF/common/services/delay/sam/cycle_counter.o
 .debug_line    0x0000a034      0xbc8 src/ASF/common/services/clock/sam4s/sysclk.o
 .debug_line    0x0000abfc      0xee8 src/ASF/sam/drivers/pio/pio.o
 .debug_line    0x0000bae4      0xfcf src/ASF/sam/drivers/pmc/pmc.o
 .debug_line    0x0000cab3      0xfaf src/ASF/common/boards/user_board/init.o
 .debug_line    0x0000da62      0x80c src/ASF/sam/utils/cmsis/sam4s/source/templates/gcc/startup_sam4s.o
 .debug_line    0x0000e26e      0x83d src/ASF/sam/utils/cmsis/sam4s/source/templates/system_sam4s.o
 .debug_line    0x0000eaab      0x40b src/ASF/sam/utils/syscalls/gcc/syscalls.o
 .debug_line    0x0000eeb6     0x10a1 src/main.o

.debug_str      0x00000000    0x52ede
 .debug_str     0x00000000    0x4cb90 src/ASF/sam/drivers/spi/spi.o
                              0x4cfb4 (size before relaxing)
 .debug_str     0x0004cb90      0x383 src/ASF/sam/drivers/tc/tc.o
                              0x4a966 (size before relaxing)
 .debug_str     0x0004cf13      0x12a src/ASF/sam/drivers/wdt/wdt.o
                              0x4a702 (size before relaxing)
 .debug_str     0x0004d03d      0x9d7 src/ASF/sam/drivers/usart/usart.o
                              0x4b000 (size before relaxing)
 .debug_str     0x0004da14      0x49f src/ASF/sam/drivers/twi/twi.o
                              0x4ab46 (size before relaxing)
 .debug_str     0x0004deb3      0xa32 src/ASF/sam/drivers/pio/pio_handler.o
                              0x4b11f (size before relaxing)
 .debug_str     0x0004e8e5     0x2586 src/camera.o
                              0x4fdde (size before relaxing)
 .debug_str     0x00050e6b      0x1e8 src/ov2640.o
                              0x4f0ba (size before relaxing)
 .debug_str     0x00051053       0x20 src/ov2640_table_registers.o
                              0x4e877 (size before relaxing)
 .debug_str     0x00051073       0x66 src/timer_interface.o
                              0x4e03e (size before relaxing)
 .debug_str     0x000510d9      0x416 src/wifi.o
                              0x5014d (size before relaxing)
 .debug_str     0x000514ef       0x35 src/ASF/common/services/delay/sam/cycle_counter.o
                              0x4a77b (size before relaxing)
 .debug_str     0x00051524      0x271 src/ASF/common/services/clock/sam4s/sysclk.o
                              0x4cf4c (size before relaxing)
 .debug_str     0x00051795      0x467 src/ASF/sam/drivers/pio/pio.o
                              0x4b21b (size before relaxing)
 .debug_str     0x00051bfc      0x58a src/ASF/sam/drivers/pmc/pmc.o
                              0x4b067 (size before relaxing)
 .debug_str     0x00052186       0xc3 src/ASF/common/boards/user_board/init.o
                              0x4e0c3 (size before relaxing)
 .debug_str     0x00052249      0x428 src/ASF/sam/utils/cmsis/sam4s/source/templates/gcc/startup_sam4s.o
                              0x3a21d (size before relaxing)
 .debug_str     0x00052671       0xb9 src/ASF/sam/utils/cmsis/sam4s/source/templates/system_sam4s.o
                              0x39fc2 (size before relaxing)
 .debug_str     0x0005272a      0x77b src/ASF/sam/utils/syscalls/gcc/syscalls.o
                               0x7422 (size before relaxing)
 .debug_str     0x00052ea5       0x39 src/main.o
                              0x4fa00 (size before relaxing)

.debug_frame    0x00000000     0x25d0
 .debug_frame   0x00000000      0x140 src/ASF/sam/drivers/spi/spi.o
 .debug_frame   0x00000140      0x1a8 src/ASF/sam/drivers/tc/tc.o
 .debug_frame   0x000002e8       0x7c src/ASF/sam/drivers/wdt/wdt.o
 .debug_frame   0x00000364      0x48c src/ASF/sam/drivers/usart/usart.o
 .debug_frame   0x000007f0      0x1d4 src/ASF/sam/drivers/twi/twi.o
 .debug_frame   0x000009c4       0xdc src/ASF/sam/drivers/pio/pio_handler.o
 .debug_frame   0x00000aa0       0xf4 src/camera.o
 .debug_frame   0x00000b94      0x190 src/ov2640.o
 .debug_frame   0x00000d24       0x48 src/timer_interface.o
 .debug_frame   0x00000d6c      0x174 src/wifi.o
 .debug_frame   0x00000ee0       0x20 src/ASF/common/services/delay/sam/cycle_counter.o
 .debug_frame   0x00000f00       0x88 src/ASF/common/services/clock/sam4s/sysclk.o
 .debug_frame   0x00000f88      0x384 src/ASF/sam/drivers/pio/pio.o
 .debug_frame   0x0000130c      0x408 src/ASF/sam/drivers/pmc/pmc.o
 .debug_frame   0x00001714       0x2c src/ASF/common/boards/user_board/init.o
 .debug_frame   0x00001740       0x38 src/ASF/sam/utils/cmsis/sam4s/source/templates/gcc/startup_sam4s.o
 .debug_frame   0x00001778       0x40 src/ASF/sam/utils/cmsis/sam4s/source/templates/system_sam4s.o
 .debug_frame   0x000017b8       0xa0 src/ASF/sam/utils/syscalls/gcc/syscalls.o
 .debug_frame   0x00001858       0x28 src/main.o
 .debug_frame   0x00001880       0x2c c:/program files (x86)/atmel/studio/7.0/toolchain/arm/arm-gnu-toolchain/bin/../lib/gcc/arm-none-eabi/6.3.1/../../../../arm-none-eabi/lib/thumb/v7e-m\libc.a(lib_a-init.o)
 .debug_frame   0x000018ac       0x34 c:/program files (x86)/atmel/studio/7.0/toolchain/arm/arm-gnu-toolchain/bin/../lib/gcc/arm-none-eabi/6.3.1/../../../../arm-none-eabi/lib/thumb/v7e-m\libc.a(lib_a-memset.o)
 .debug_frame   0x000018e0       0x84 c:/program files (x86)/atmel/studio/7.0/toolchain/arm/arm-gnu-toolchain/bin/../lib/gcc/arm-none-eabi/6.3.1/../../../../arm-none-eabi/lib/thumb/v7e-m\libc.a(lib_a-sprintf.o)
 .debug_frame   0x00001964       0xd8 c:/program files (x86)/atmel/studio/7.0/toolchain/arm/arm-gnu-toolchain/bin/../lib/gcc/arm-none-eabi/6.3.1/../../../../arm-none-eabi/lib/thumb/v7e-m\libc.a(lib_a-strstr.o)
 .debug_frame   0x00001a3c       0x40 c:/program files (x86)/atmel/studio/7.0/toolchain/arm/arm-gnu-toolchain/bin/../lib/gcc/arm-none-eabi/6.3.1/../../../../arm-none-eabi/lib/thumb/v7e-m\libc.a(lib_a-svfprintf.o)
 .debug_frame   0x00001a7c       0x5c c:/program files (x86)/atmel/studio/7.0/toolchain/arm/arm-gnu-toolchain/bin/../lib/gcc/arm-none-eabi/6.3.1/../../../../arm-none-eabi/lib/thumb/v7e-m\libc.a(lib_a-__call_atexit.o)
 .debug_frame   0x00001ad8       0x20 c:/program files (x86)/atmel/studio/7.0/toolchain/arm/arm-gnu-toolchain/bin/../lib/gcc/arm-none-eabi/6.3.1/../../../../arm-none-eabi/lib/thumb/v7e-m\libc.a(lib_a-atexit.o)
 .debug_frame   0x00001af8       0x88 c:/program files (x86)/atmel/studio/7.0/toolchain/arm/arm-gnu-toolchain/bin/../lib/gcc/arm-none-eabi/6.3.1/../../../../arm-none-eabi/lib/thumb/v7e-m\libc.a(lib_a-dtoa.o)
 .debug_frame   0x00001b80       0x34 c:/program files (x86)/atmel/studio/7.0/toolchain/arm/arm-gnu-toolchain/bin/../lib/gcc/arm-none-eabi/6.3.1/../../../../arm-none-eabi/lib/thumb/v7e-m\libc.a(lib_a-fini.o)
 .debug_frame   0x00001bb4       0x40 c:/program files (x86)/atmel/studio/7.0/toolchain/arm/arm-gnu-toolchain/bin/../lib/gcc/arm-none-eabi/6.3.1/../../../../arm-none-eabi/lib/thumb/v7e-m\libc.a(lib_a-localeconv.o)
 .debug_frame   0x00001bf4       0xb0 c:/program files (x86)/atmel/studio/7.0/toolchain/arm/arm-gnu-toolchain/bin/../lib/gcc/arm-none-eabi/6.3.1/../../../../arm-none-eabi/lib/thumb/v7e-m\libc.a(lib_a-lock.o)
 .debug_frame   0x00001ca4       0x58 c:/program files (x86)/atmel/studio/7.0/toolchain/arm/arm-gnu-toolchain/bin/../lib/gcc/arm-none-eabi/6.3.1/../../../../arm-none-eabi/lib/thumb/v7e-m\libc.a(lib_a-mallocr.o)
 .debug_frame   0x00001cfc       0x3c c:/program files (x86)/atmel/studio/7.0/toolchain/arm/arm-gnu-toolchain/bin/../lib/gcc/arm-none-eabi/6.3.1/../../../../arm-none-eabi/lib/thumb/v7e-m\libc.a(lib_a-memcmp.o)
 .debug_frame   0x00001d38       0x30 c:/program files (x86)/atmel/studio/7.0/toolchain/arm/arm-gnu-toolchain/bin/../lib/gcc/arm-none-eabi/6.3.1/../../../../arm-none-eabi/lib/thumb/v7e-m\libc.a(lib_a-mlock.o)
 .debug_frame   0x00001d68      0x25c c:/program files (x86)/atmel/studio/7.0/toolchain/arm/arm-gnu-toolchain/bin/../lib/gcc/arm-none-eabi/6.3.1/../../../../arm-none-eabi/lib/thumb/v7e-m\libc.a(lib_a-mprec.o)
 .debug_frame   0x00001fc4       0x2c c:/program files (x86)/atmel/studio/7.0/toolchain/arm/arm-gnu-toolchain/bin/../lib/gcc/arm-none-eabi/6.3.1/../../../../arm-none-eabi/lib/thumb/v7e-m\libc.a(lib_a-sbrkr.o)
 .debug_frame   0x00001ff0       0x50 c:/program files (x86)/atmel/studio/7.0/toolchain/arm/arm-gnu-toolchain/bin/../lib/gcc/arm-none-eabi/6.3.1/../../../../arm-none-eabi/lib/thumb/v7e-m\libc.a(lib_a-strchr.o)
 .debug_frame   0x00002040       0x78 c:/program files (x86)/atmel/studio/7.0/toolchain/arm/arm-gnu-toolchain/bin/../lib/gcc/arm-none-eabi/6.3.1/../../../../arm-none-eabi/lib/thumb/v7e-m\libc.a(lib_a-svfiprintf.o)
 .debug_frame   0x000020b8       0x34 c:/program files (x86)/atmel/studio/7.0/toolchain/arm/arm-gnu-toolchain/bin/../lib/gcc/arm-none-eabi/6.3.1/../../../../arm-none-eabi/lib/thumb/v7e-m\libc.a(lib_a-__atexit.o)
 .debug_frame   0x000020ec       0x28 c:/program files (x86)/atmel/studio/7.0/toolchain/arm/arm-gnu-toolchain/bin/../lib/gcc/arm-none-eabi/6.3.1/../../../../arm-none-eabi/lib/thumb/v7e-m\libc.a(lib_a-callocr.o)
 .debug_frame   0x00002114       0x74 c:/program files (x86)/atmel/studio/7.0/toolchain/arm/arm-gnu-toolchain/bin/../lib/gcc/arm-none-eabi/6.3.1/../../../../arm-none-eabi/lib/thumb/v7e-m\libc.a(lib_a-freer.o)
 .debug_frame   0x00002188       0x6c c:/program files (x86)/atmel/studio/7.0/toolchain/arm/arm-gnu-toolchain/bin/../lib/gcc/arm-none-eabi/6.3.1/../../../../arm-none-eabi/lib/thumb/v7e-m\libc.a(lib_a-locale.o)
 .debug_frame   0x000021f4       0x4c c:/program files (x86)/atmel/studio/7.0/toolchain/arm/arm-gnu-toolchain/bin/../lib/gcc/arm-none-eabi/6.3.1/../../../../arm-none-eabi/lib/thumb/v7e-m\libc.a(lib_a-mbtowc_r.o)
 .debug_frame   0x00002240       0x30 c:/program files (x86)/atmel/studio/7.0/toolchain/arm/arm-gnu-toolchain/bin/../lib/gcc/arm-none-eabi/6.3.1/../../../../arm-none-eabi/lib/thumb/v7e-m\libc.a(lib_a-memmove.o)
 .debug_frame   0x00002270       0x68 c:/program files (x86)/atmel/studio/7.0/toolchain/arm/arm-gnu-toolchain/bin/../lib/gcc/arm-none-eabi/6.3.1/../../../../arm-none-eabi/lib/thumb/v7e-m\libc.a(lib_a-reallocr.o)
 .debug_frame   0x000022d8       0x58 c:/program files (x86)/atmel/studio/7.0/toolchain/arm/arm-gnu-toolchain/bin/../lib/gcc/arm-none-eabi/6.3.1/../../../../arm-none-eabi/lib/thumb/v7e-m\libc.a(lib_a-reent.o)
 .debug_frame   0x00002330       0x3c c:/program files (x86)/atmel/studio/7.0/toolchain/arm/arm-gnu-toolchain/bin/../lib/gcc/arm-none-eabi/6.3.1/../../../../arm-none-eabi/lib/thumb/v7e-m\libc.a(lib_a-wctomb_r.o)
 .debug_frame   0x0000236c       0xac c:/program files (x86)/atmel/studio/7.0/toolchain/arm/arm-gnu-toolchain/bin/../lib/gcc/arm-none-eabi/6.3.1/thumb/v7e-m\libgcc.a(_arm_addsubdf3.o)
 .debug_frame   0x00002418       0x50 c:/program files (x86)/atmel/studio/7.0/toolchain/arm/arm-gnu-toolchain/bin/../lib/gcc/arm-none-eabi/6.3.1/thumb/v7e-m\libgcc.a(_arm_muldivdf3.o)
 .debug_frame   0x00002468       0xc4 c:/program files (x86)/atmel/studio/7.0/toolchain/arm/arm-gnu-toolchain/bin/../lib/gcc/arm-none-eabi/6.3.1/thumb/v7e-m\libgcc.a(_arm_cmpdf2.o)
 .debug_frame   0x0000252c       0x20 c:/program files (x86)/atmel/studio/7.0/toolchain/arm/arm-gnu-toolchain/bin/../lib/gcc/arm-none-eabi/6.3.1/thumb/v7e-m\libgcc.a(_arm_unorddf2.o)
 .debug_frame   0x0000254c       0x24 c:/program files (x86)/atmel/studio/7.0/toolchain/arm/arm-gnu-toolchain/bin/../lib/gcc/arm-none-eabi/6.3.1/thumb/v7e-m\libgcc.a(_arm_fixdfsi.o)
 .debug_frame   0x00002570       0x2c c:/program files (x86)/atmel/studio/7.0/toolchain/arm/arm-gnu-toolchain/bin/../lib/gcc/arm-none-eabi/6.3.1/thumb/v7e-m\libgcc.a(_aeabi_uldivmod.o)
 .debug_frame   0x0000259c       0x34 c:/program files (x86)/atmel/studio/7.0/toolchain/arm/arm-gnu-toolchain/bin/../lib/gcc/arm-none-eabi/6.3.1/thumb/v7e-m\libgcc.a(_udivmoddi4.o)

Cross Reference Table

Symbol                                            File
ACC_Handler                                       src/ASF/sam/utils/cmsis/sam4s/source/templates/gcc/startup_sam4s.o
ADC_Handler                                       src/ASF/sam/utils/cmsis/sam4s/source/templates/gcc/startup_sam4s.o
BusFault_Handler                                  src/ASF/sam/utils/cmsis/sam4s/source/templates/gcc/startup_sam4s.o
CRCCU_Handler                                     src/ASF/sam/utils/cmsis/sam4s/source/templates/gcc/startup_sam4s.o
DACC_Handler                                      src/ASF/sam/utils/cmsis/sam4s/source/templates/gcc/startup_sam4s.o
DebugMon_Handler                                  src/ASF/sam/utils/cmsis/sam4s/source/templates/gcc/startup_sam4s.o
Dummy_Handler                                     src/ASF/sam/utils/cmsis/sam4s/source/templates/gcc/startup_sam4s.o
EFC0_Handler                                      src/ASF/sam/utils/cmsis/sam4s/source/templates/gcc/startup_sam4s.o
HSMCI_Handler                                     src/ASF/sam/utils/cmsis/sam4s/source/templates/gcc/startup_sam4s.o
HardFault_Handler                                 src/ASF/sam/utils/cmsis/sam4s/source/templates/gcc/startup_sam4s.o
MemManage_Handler                                 src/ASF/sam/utils/cmsis/sam4s/source/templates/gcc/startup_sam4s.o
NMI_Handler                                       src/ASF/sam/utils/cmsis/sam4s/source/templates/gcc/startup_sam4s.o
OV2640_JPEG                                       src/ov2640_table_registers.o
                                                  src/ov2640.o
OV2640_JPEG_1024x768                              src/ov2640_table_registers.o
                                                  src/ov2640.o
OV2640_JPEG_1280x1024                             src/ov2640_table_registers.o
                                                  src/ov2640.o
OV2640_JPEG_1600x1200                             src/ov2640_table_registers.o
                                                  src/ov2640.o
OV2640_JPEG_320x240                               src/ov2640_table_registers.o
                                                  src/ov2640.o
OV2640_JPEG_640x480                               src/ov2640_table_registers.o
                                                  src/ov2640.o
OV2640_JPEG_800x600                               src/ov2640_table_registers.o
                                                  src/ov2640.o
OV2640_JPEG_INIT                                  src/ov2640_table_registers.o
                                                  src/ov2640.o
OV2640_QQVGA_RGB888                               src/ov2640_table_registers.o
                                                  src/ov2640.o
OV2640_QQVGA_YUV422                               src/ov2640_table_registers.o
                                                  src/ov2640.o
OV2640_QVGA_RGB888                                src/ov2640_table_registers.o
                                                  src/ov2640.o
OV2640_QVGA_YUV422_10FPS                          src/ov2640_table_registers.o
                                                  src/ov2640.o
OV2640_QVGA_YUV422_15FPS                          src/ov2640_table_registers.o
                                                  src/ov2640.o
OV2640_QVGA_YUV422_20FPS                          src/ov2640_table_registers.o
                                                  src/ov2640.o
OV2640_QVGA_YUV422_30FPS                          src/ov2640_table_registers.o
                                                  src/ov2640.o
OV2640_TEST_PATTERN                               src/ov2640_table_registers.o
                                                  src/ov2640.o
OV2640_VGA_YUV422_20FPS                           src/ov2640_table_registers.o
                                                  src/ov2640.o